114.119.145.22 - - [13/Aug/2021:01:42:38 -0500] "GET /pdf/lib/php-css-parser/lib/Sabberworm/CSS?C=M%3BO%3DA HTTP/1.1" 301 286 "-" "Mozilla/5.0 (Linux; Android 7.0;) AppleWebKit/537.36 (KHTML, like Gecko) Mobile Safari/537.36 (compatible; PetalBot;+https://webmaster.petalsearch.com/site/petalbot)"
114.119.145.22 - - [13/Aug/2021:01:42:39 -0500] "GET /pdf/lib/php-css-parser/lib/Sabberworm/CSS/?C=M%3BO%3DA HTTP/1.1" 200 2662 "-" "Mozilla/5.0 (Linux; Android 7.0;) AppleWebKit/537.36 (KHTML, like Gecko) Mobile Safari/537.36 (compatible; PetalBot;+https://webmaster.petalsearch.com/site/petalbot)"
114.119.145.225 - - [13/Aug/2021:01:57:54 -0500] "GET /pdf/src/Image HTTP/1.1" 301 246 "-" "Mozilla/5.0 (Linux; Android 7.0;) AppleWebKit/537.36 (KHTML, like Gecko) Mobile Safari/537.36 (compatible; PetalBot;+https://webmaster.petalsearch.com/site/petalbot)"
114.119.145.225 - - [13/Aug/2021:01:57:55 -0500] "GET /pdf/src/Image/ HTTP/1.1" 200 801 "-" "Mozilla/5.0 (Linux; Android 7.0;) AppleWebKit/537.36 (KHTML, like Gecko) Mobile Safari/537.36 (compatible; PetalBot;+https://webmaster.petalsearch.com/site/petalbot)"
114.119.145.236 - - [13/Aug/2021:02:04:58 -0500] "GET /pdf/src/Positioner/TableRow.php HTTP/1.1" 500 - "-" "Mozilla/5.0 (Linux; Android 7.0;) AppleWebKit/537.36 (KHTML, like Gecko) Mobile Safari/537.36 (compatible; PetalBot;+https://webmaster.petalsearch.com/site/petalbot)"
114.119.145.233 - - [13/Aug/2021:02:12:31 -0500] "GET /pdf/lib/php-css-parser/lib?C=M%3BO%3DA HTTP/1.1" 301 271 "-" "Mozilla/5.0 (Linux; Android 7.0;) AppleWebKit/537.36 (KHTML, like Gecko) Mobile Safari/537.36 (compatible; PetalBot;+https://webmaster.petalsearch.com/site/petalbot)"
114.119.145.233 - - [13/Aug/2021:02:12:31 -0500] "GET /pdf/lib/php-css-parser/lib/?C=M%3BO%3DA HTTP/1.1" 200 844 "-" "Mozilla/5.0 (Linux; Android 7.0;) AppleWebKit/537.36 (KHTML, like Gecko) Mobile Safari/537.36 (compatible; PetalBot;+https://webmaster.petalsearch.com/site/petalbot)"
114.119.145.205 - - [13/Aug/2021:02:19:44 -0500] "GET /pdf/lib/php-css-parser/lib/Sabberworm/CSS/Value/RuleValueList.php HTTP/1.1" 500 - "-" "Mozilla/5.0 (Linux; Android 7.0;) AppleWebKit/537.36 (KHTML, like Gecko) Mobile Safari/537.36 (compatible; PetalBot;+https://webmaster.petalsearch.com/site/petalbot)"
114.119.145.233 - - [13/Aug/2021:02:27:23 -0500] "GET /pdf/lib/php-css-parser/lib/Sabberworm/CSS/Comment?C=N%3BO%3DD HTTP/1.1" 301 294 "-" "Mozilla/5.0 (Linux; Android 7.0;) AppleWebKit/537.36 (KHTML, like Gecko) Mobile Safari/537.36 (compatible; PetalBot;+https://webmaster.petalsearch.com/site/petalbot)"
114.119.145.233 - - [13/Aug/2021:02:27:23 -0500] "GET /pdf/lib/php-css-parser/lib/Sabberworm/CSS/Comment/?C=N%3BO%3DD HTTP/1.1" 200 1092 "-" "Mozilla/5.0 (Linux; Android 7.0;) AppleWebKit/537.36 (KHTML, like Gecko) Mobile Safari/537.36 (compatible; PetalBot;+https://webmaster.petalsearch.com/site/petalbot)"
66.249.65.19 - - [13/Aug/2021:02:32:12 -0500] "GET /a45765-llf-w4341-lum-pdbyxrenstu/ HTTP/1.1" 404 1130 "-" "Mozilla/5.0 (Linux; Android 6.0.1; Nexus 5X Build/MMB29P) AppleWebKit/537.36 (KHTML, like Gecko) Chrome/92.0.4515.119 Mobile Safari/537.36 (compatible; Googlebot/2.1; +http://www.google.com/bot.html)"
114.119.145.228 - - [13/Aug/2021:02:35:02 -0500] "GET /pdf/lib/php-svg-lib/?C=S%3BO%3DA HTTP/1.1" 200 1875 "-" "Mozilla/5.0 (Linux; Android 7.0;) AppleWebKit/537.36 (KHTML, like Gecko) Mobile Safari/537.36 (compatible; PetalBot;+https://webmaster.petalsearch.com/site/petalbot)"
66.249.65.17 - - [13/Aug/2021:02:41:39 -0500] "GET /zhdrmifqkx-w4341-a51402-cw-yykiisrrhwnlqdi/ HTTP/1.1" 404 1130 "-" "Mozilla/5.0 (Linux; Android 6.0.1; Nexus 5X Build/MMB29P) AppleWebKit/537.36 (KHTML, like Gecko) Chrome/92.0.4515.119 Mobile Safari/537.36 (compatible; Googlebot/2.1; +http://www.google.com/bot.html)"
114.119.145.205 - - [13/Aug/2021:02:42:17 -0500] "GET /pdf/lib/php-css-parser/lib/Sabberworm/CSS/?C=M%3BO%3DA HTTP/1.1" 200 2662 "-" "Mozilla/5.0 (Linux; Android 7.0;) AppleWebKit/537.36 (KHTML, like Gecko) Mobile Safari/537.36 (compatible; PetalBot;+https://webmaster.petalsearch.com/site/petalbot)"
114.119.145.237 - - [13/Aug/2021:02:49:56 -0500] "GET /pdf/LICENSE.LGPL HTTP/1.1" 200 24352 "-" "Mozilla/5.0 (Linux; Android 7.0;) AppleWebKit/537.36 (KHTML, like Gecko) Mobile Safari/537.36 (compatible; PetalBot;+https://webmaster.petalsearch.com/site/petalbot)"
114.119.145.22 - - [13/Aug/2021:02:57:09 -0500] "GET /pdf/lib/php-css-parser/tests/files/comments.css HTTP/1.1" 200 375 "-" "Mozilla/5.0 (Linux; Android 7.0;) AppleWebKit/537.36 (KHTML, like Gecko) Mobile Safari/537.36 (compatible; PetalBot;+https://webmaster.petalsearch.com/site/petalbot)"
69.171.249.6 - - [13/Aug/2021:03:02:48 -0500] "GET / HTTP/1.1" 200 28464 "-" "facebookexternalhit/1.1 (+http://www.facebook.com/externalhit_uatext.php)"
114.119.145.225 - - [13/Aug/2021:03:04:46 -0500] "GET /pdf/lib/php-css-parser/lib/Sabberworm/CSS/Comment?C=D%3BO%3DA HTTP/1.1" 301 294 "-" "Mozilla/5.0 (Linux; Android 7.0;) AppleWebKit/537.36 (KHTML, like Gecko) Mobile Safari/537.36 (compatible; PetalBot;+https://webmaster.petalsearch.com/site/petalbot)"
114.119.145.225 - - [13/Aug/2021:03:04:46 -0500] "GET /pdf/lib/php-css-parser/lib/Sabberworm/CSS/Comment/?C=D%3BO%3DA HTTP/1.1" 200 1092 "-" "Mozilla/5.0 (Linux; Android 7.0;) AppleWebKit/537.36 (KHTML, like Gecko) Mobile Safari/537.36 (compatible; PetalBot;+https://webmaster.petalsearch.com/site/petalbot)"
114.119.145.228 - - [13/Aug/2021:03:12:19 -0500] "GET /pdf/src/Frame?C=S%3BO%3DA HTTP/1.1" 301 258 "-" "Mozilla/5.0 (Linux; Android 7.0;) AppleWebKit/537.36 (KHTML, like Gecko) Mobile Safari/537.36 (compatible; PetalBot;+https://webmaster.petalsearch.com/site/petalbot)"
114.119.145.228 - - [13/Aug/2021:03:12:19 -0500] "GET /pdf/src/Frame/?C=S%3BO%3DA HTTP/1.1" 200 1728 "-" "Mozilla/5.0 (Linux; Android 7.0;) AppleWebKit/537.36 (KHTML, like Gecko) Mobile Safari/537.36 (compatible; PetalBot;+https://webmaster.petalsearch.com/site/petalbot)"
114.119.145.212 - - [13/Aug/2021:03:19:19 -0500] "GET /pdf/lib/php-css-parser/lib/Sabberworm/CSS/Parsing/?C=D%3BO%3DA HTTP/1.1" 200 1303 "-" "Mozilla/5.0 (Linux; Android 7.0;) AppleWebKit/537.36 (KHTML, like Gecko) Mobile Safari/537.36 (compatible; PetalBot;+https://webmaster.petalsearch.com/site/petalbot)"
114.119.145.228 - - [13/Aug/2021:03:26:59 -0500] "GET /pdf/src/Css?C=M%3BO%3DA HTTP/1.1" 301 256 "-" "Mozilla/5.0 (Linux; Android 7.0;) AppleWebKit/537.36 (KHTML, like Gecko) Mobile Safari/537.36 (compatible; PetalBot;+https://webmaster.petalsearch.com/site/petalbot)"
114.119.145.228 - - [13/Aug/2021:03:26:59 -0500] "GET /pdf/src/Css/?C=M%3BO%3DA HTTP/1.1" 200 1347 "-" "Mozilla/5.0 (Linux; Android 7.0;) AppleWebKit/537.36 (KHTML, like Gecko) Mobile Safari/537.36 (compatible; PetalBot;+https://webmaster.petalsearch.com/site/petalbot)"
66.249.65.17 - - [13/Aug/2021:03:28:52 -0500] "GET /tfxon-dpoc/m64918-aqqwkkd-z320175271-johp/portal_blog/ HTTP/1.1" 404 1130 "-" "Mozilla/5.0 (compatible; Googlebot/2.1; +http://www.google.com/bot.html)"
66.249.65.19 - - [13/Aug/2021:03:31:03 -0500] "GET /yruikelmw-fge-a10037-pcmglv-w4341-bkxgyzdnpokmogu/ HTTP/1.1" 404 1130 "-" "Mozilla/5.0 (Linux; Android 6.0.1; Nexus 5X Build/MMB29P) AppleWebKit/537.36 (KHTML, like Gecko) Chrome/92.0.4515.119 Mobile Safari/537.36 (compatible; Googlebot/2.1; +http://www.google.com/bot.html)"
114.119.145.236 - - [13/Aug/2021:03:34:40 -0500] "GET /pdf/lib/php-css-parser/tests/files/case-insensitivity.css HTTP/1.1" 200 255 "-" "Mozilla/5.0 (Linux; Android 7.0;) AppleWebKit/537.36 (KHTML, like Gecko) Mobile Safari/537.36 (compatible; PetalBot;+https://webmaster.petalsearch.com/site/petalbot)"
114.119.145.233 - - [13/Aug/2021:03:41:55 -0500] "GET /pdf/lib/php-css-parser/tests/Sabberworm/CSS/CSSList/?C=D%3BO%3DA HTTP/1.1" 200 1111 "-" "Mozilla/5.0 (Linux; Android 7.0;) AppleWebKit/537.36 (KHTML, like Gecko) Mobile Safari/537.36 (compatible; PetalBot;+https://webmaster.petalsearch.com/site/petalbot)"
23.228.109.147 - - [13/Aug/2021:03:45:26 -0500] "GET /application/libraries/elfinder/connector.minimal.php HTTP/1.1" 404 1130 "-" "ALittle Client"
23.228.109.147 - - [13/Aug/2021:03:45:28 -0500] "GET /application/libraries/elfinder/php/connector.minimal.php HTTP/1.1" 404 1130 "-" "ALittle Client"
114.119.145.212 - - [13/Aug/2021:03:49:27 -0500] "GET /pdf/lib/fonts/DejaVuSans-Oblique.ttf HTTP/1.1" 200 635416 "-" "Mozilla/5.0 (Linux; Android 7.0;) AppleWebKit/537.36 (KHTML, like Gecko) Mobile Safari/537.36 (compatible; PetalBot;+https://webmaster.petalsearch.com/site/petalbot)"
114.119.145.228 - - [13/Aug/2021:03:56:41 -0500] "GET /pdf/lib/php-css-parser/tests/files/functions.css HTTP/1.1" 200 623 "-" "Mozilla/5.0 (Linux; Android 7.0;) AppleWebKit/537.36 (KHTML, like Gecko) Mobile Safari/537.36 (compatible; PetalBot;+https://webmaster.petalsearch.com/site/petalbot)"
114.119.145.205 - - [13/Aug/2021:04:04:17 -0500] "GET /pdf/lib/php-css-parser/lib/Sabberworm/CSS/RuleSet/?C=D%3BO%3DA HTTP/1.1" 200 1278 "-" "Mozilla/5.0 (Linux; Android 7.0;) AppleWebKit/537.36 (KHTML, like Gecko) Mobile Safari/537.36 (compatible; PetalBot;+https://webmaster.petalsearch.com/site/petalbot)"
66.249.65.15 - - [13/Aug/2021:04:06:00 -0500] "GET /robots.txt HTTP/1.1" 404 1130 "-" "Mozilla/5.0 (compatible; Googlebot/2.1; +http://www.google.com/bot.html)"
66.249.65.17 - - [13/Aug/2021:04:06:00 -0500] "GET /m44016-mzansxj-putru-nfbv-hgvwdyh-vcsfwem-phgallo-iswovckf-xaxqufx-iyhspde-ohnirkwq-uwoer-z320175275-cnkhb/staff_blog/ HTTP/1.1" 404 1130 "-" "Mozilla/5.0 (Linux; Android 6.0.1; Nexus 5X Build/MMB29P) AppleWebKit/537.36 (KHTML, like Gecko) Chrome/92.0.4515.119 Mobile Safari/537.36 (compatible; Googlebot/2.1; +http://www.google.com/bot.html)"
114.119.145.216 - - [13/Aug/2021:04:11:51 -0500] "GET /pdf/lib/php-css-parser/lib/?C=N%3BO%3DD HTTP/1.1" 200 844 "-" "Mozilla/5.0 (Linux; Android 7.0;) AppleWebKit/537.36 (KHTML, like Gecko) Mobile Safari/537.36 (compatible; PetalBot;+https://webmaster.petalsearch.com/site/petalbot)"
207.46.13.22 - - [13/Aug/2021:04:15:18 -0500] "GET / HTTP/1.1" 200 28464 "-" "Mozilla/5.0 (compatible; bingbot/2.0; +http://www.bing.com/bingbot.htm)"
114.119.145.236 - - [13/Aug/2021:04:19:07 -0500] "GET /pdf/lib/php-css-parser/lib/?C=D%3BO%3DA HTTP/1.1" 200 844 "-" "Mozilla/5.0 (Linux; Android 7.0;) AppleWebKit/537.36 (KHTML, like Gecko) Mobile Safari/537.36 (compatible; PetalBot;+https://webmaster.petalsearch.com/site/petalbot)"
114.119.145.236 - - [13/Aug/2021:04:26:46 -0500] "GET /pdf/lib/html5lib/named-character-references.ser HTTP/1.1" 200 182163 "-" "Mozilla/5.0 (Linux; Android 7.0;) AppleWebKit/537.36 (KHTML, like Gecko) Mobile Safari/537.36 (compatible; PetalBot;+https://webmaster.petalsearch.com/site/petalbot)"
114.119.145.236 - - [13/Aug/2021:04:33:47 -0500] "GET /pdf/lib/php-css-parser/tests/Sabberworm/?C=M%3BO%3DA HTTP/1.1" 200 869 "-" "Mozilla/5.0 (Linux; Android 7.0;) AppleWebKit/537.36 (KHTML, like Gecko) Mobile Safari/537.36 (compatible; PetalBot;+https://webmaster.petalsearch.com/site/petalbot)"
114.119.145.216 - - [13/Aug/2021:04:41:24 -0500] "GET /pdf/lib/php-css-parser/tests/files?C=S%3BO%3DA HTTP/1.1" 301 279 "-" "Mozilla/5.0 (Linux; Android 7.0;) AppleWebKit/537.36 (KHTML, like Gecko) Mobile Safari/537.36 (compatible; PetalBot;+https://webmaster.petalsearch.com/site/petalbot)"
114.119.145.216 - - [13/Aug/2021:04:41:24 -0500] "GET /pdf/lib/php-css-parser/tests/files/?C=S%3BO%3DA HTTP/1.1" 200 6323 "-" "Mozilla/5.0 (Linux; Android 7.0;) AppleWebKit/537.36 (KHTML, like Gecko) Mobile Safari/537.36 (compatible; PetalBot;+https://webmaster.petalsearch.com/site/petalbot)"
23.228.109.147 - - [13/Aug/2021:04:44:40 -0500] "GET /administrator/components/com_remoteimage/src/Elfinder/connector.minimal.php HTTP/1.1" 404 1130 "-" "ALittle Client"
23.228.109.147 - - [13/Aug/2021:04:44:44 -0500] "GET /libraries/windwalker/src/Elfinder/Connect/connector.minimal.php HTTP/1.1" 404 1130 "-" "ALittle Client"
114.119.145.228 - - [13/Aug/2021:04:49:02 -0500] "GET /pdf/lib/php-css-parser/tests/Sabberworm/?C=D%3BO%3DA HTTP/1.1" 200 869 "-" "Mozilla/5.0 (Linux; Android 7.0;) AppleWebKit/537.36 (KHTML, like Gecko) Mobile Safari/537.36 (compatible; PetalBot;+https://webmaster.petalsearch.com/site/petalbot)"
114.119.145.236 - - [13/Aug/2021:04:56:17 -0500] "GET /pdf/lib/fonts/DejaVuSans-BoldOblique.ufm HTTP/1.1" 200 197682 "-" "Mozilla/5.0 (Linux; Android 7.0;) AppleWebKit/537.36 (KHTML, like Gecko) Mobile Safari/537.36 (compatible; PetalBot;+https://webmaster.petalsearch.com/site/petalbot)"
207.46.13.157 - - [13/Aug/2021:04:57:26 -0500] "GET /assets/img/portfolio/thumbnails/4.jpg HTTP/1.1" 200 3299985 "-" "Mozilla/5.0 (compatible; bingbot/2.0; +http://www.bing.com/bingbot.htm)"
114.119.145.233 - - [13/Aug/2021:05:03:53 -0500] "GET /pdf/lib/fonts/Helvetica.afm HTTP/1.1" 200 77492 "-" "Mozilla/5.0 (Linux; Android 7.0;) AppleWebKit/537.36 (KHTML, like Gecko) Mobile Safari/537.36 (compatible; PetalBot;+https://webmaster.petalsearch.com/site/petalbot)"
114.119.147.152 - - [13/Aug/2021:05:11:26 -0500] "GET /pdf/src/Renderer/?C=S%3BO%3DA HTTP/1.1" 200 2074 "-" "Mozilla/5.0 (Linux; Android 7.0;) AppleWebKit/537.36 (KHTML, like Gecko) Mobile Safari/537.36 (compatible; PetalBot;+https://webmaster.petalsearch.com/site/petalbot)"
114.119.145.216 - - [13/Aug/2021:05:18:39 -0500] "GET /pdf/lib/php-svg-lib/src/Svg/Surface/?C=D%3BO%3DA HTTP/1.1" 200 1606 "-" "Mozilla/5.0 (Linux; Android 7.0;) AppleWebKit/537.36 (KHTML, like Gecko) Mobile Safari/537.36 (compatible; PetalBot;+https://webmaster.petalsearch.com/site/petalbot)"
114.119.145.236 - - [13/Aug/2021:05:26:21 -0500] "GET /pdf/lib/php-css-parser/lib/Sabberworm/CSS/Comment/Comment.php HTTP/1.1" 500 - "-" "Mozilla/5.0 (Linux; Android 7.0;) AppleWebKit/537.36 (KHTML, like Gecko) Mobile Safari/537.36 (compatible; PetalBot;+https://webmaster.petalsearch.com/site/petalbot)"
66.249.65.15 - - [13/Aug/2021:05:27:22 -0500] "GET /ice-a25801-olyj-bjb-w4347-umfdrjfgol/ HTTP/1.1" 404 1130 "-" "Mozilla/5.0 (Linux; Android 6.0.1; Nexus 5X Build/MMB29P) AppleWebKit/537.36 (KHTML, like Gecko) Chrome/92.0.4515.119 Mobile Safari/537.36 (compatible; Googlebot/2.1; +http://www.google.com/bot.html)"
42.236.10.123 - - [13/Aug/2021:05:53:19 -0500] "GET / HTTP/1.1" 200 28464 "http://www.santarita.edu.pe/" "-"
42.236.10.72 - - [13/Aug/2021:05:54:44 -0500] "GET / HTTP/1.1" 200 28464 "http://santarita.edu.pe/" "-"
23.228.109.147 - - [13/Aug/2021:06:00:22 -0500] "GET /admin/plugins/elfinder/php/connector.php HTTP/1.1" 404 1130 "-" "ALittle Client"
34.72.74.121 - - [13/Aug/2021:06:06:27 -0500] "GET /.env HTTP/1.1" 404 1130 "-" "Mozilla/5.0 (X11; Linux x86_64) AppleWebKit/537.36 (KHTML, like Gecko) Chrome/81.0.4044.129 Safari/537.36"
34.72.74.121 - - [13/Aug/2021:06:06:27 -0500] "POST / HTTP/1.1" 200 28464 "-" "Mozilla/5.0 (X11; Linux x86_64) AppleWebKit/537.36 (KHTML, like Gecko) Chrome/81.0.4044.129 Safari/537.36"
34.72.74.121 - - [13/Aug/2021:06:06:28 -0500] "GET /vendor/phpunit/phpunit/src/Util/PHP/eval-stdin.php HTTP/1.1" 404 1130 "-" "Mozilla/5.0 (Macintosh; Intel Mac OS X 10_10_1) AppleWebKit/537.36 (KHTML, like Gecko) Chrome/39.0.2171.95 Safari/537.36"
177.135.190.166 - - [13/Aug/2021:07:00:52 -0500] "GET /admin HTTP/1.1" 307 - "-" "Mozilla/5.0 (X11; Linux x86_64) AppleWebKit/537.36 (KHTML, like Gecko) Chrome/91.0.4472.114 Safari/537.36"
177.135.190.166 - - [13/Aug/2021:07:00:52 -0500] "GET /login HTTP/1.1" 200 2762 "-" "Mozilla/5.0 (X11; Linux x86_64) AppleWebKit/537.36 (KHTML, like Gecko) Chrome/91.0.4472.114 Safari/537.36"
177.135.190.166 - - [13/Aug/2021:07:00:53 -0500] "GET /assets/css/creative.min.css HTTP/1.1" 200 178489 "http://santarita.edu.pe/login" "Mozilla/5.0 (X11; Linux x86_64) AppleWebKit/537.36 (KHTML, like Gecko) Chrome/91.0.4472.114 Safari/537.36"
177.135.190.166 - - [13/Aug/2021:07:00:53 -0500] "GET /assets/img/user.png HTTP/1.1" 200 16200 "http://santarita.edu.pe/login" "Mozilla/5.0 (X11; Linux x86_64) AppleWebKit/537.36 (KHTML, like Gecko) Chrome/91.0.4472.114 Safari/537.36"
177.135.190.166 - - [13/Aug/2021:07:00:53 -0500] "GET /assets/img/logoferia.png HTTP/1.1" 200 267518 "http://santarita.edu.pe/login" "Mozilla/5.0 (X11; Linux x86_64) AppleWebKit/537.36 (KHTML, like Gecko) Chrome/91.0.4472.114 Safari/537.36"
177.135.190.166 - - [13/Aug/2021:07:00:53 -0500] "GET /assets/img/bg-masthead.jpg HTTP/1.1" 200 116491 "http://santarita.edu.pe/assets/css/cssLogin.css" "Mozilla/5.0 (X11; Linux x86_64) AppleWebKit/537.36 (KHTML, like Gecko) Chrome/91.0.4472.114 Safari/537.36"
177.135.190.166 - - [13/Aug/2021:07:00:58 -0500] "POST /login/autenticar HTTP/1.1" 303 - "http://santarita.edu.pe/login" "Mozilla/5.0 (X11; Linux x86_64) AppleWebKit/537.36 (KHTML, like Gecko) Chrome/91.0.4472.114 Safari/537.36"
177.135.190.166 - - [13/Aug/2021:07:00:58 -0500] "GET /login HTTP/1.1" 307 1138 "http://santarita.edu.pe/login" "Mozilla/5.0 (X11; Linux x86_64) AppleWebKit/537.36 (KHTML, like Gecko) Chrome/91.0.4472.114 Safari/537.36"
177.135.190.166 - - [13/Aug/2021:07:00:59 -0500] "GET /Admin HTTP/1.1" 200 10686 "http://santarita.edu.pe/login" "Mozilla/5.0 (X11; Linux x86_64) AppleWebKit/537.36 (KHTML, like Gecko) Chrome/91.0.4472.114 Safari/537.36"
177.135.190.166 - - [13/Aug/2021:07:00:59 -0500] "GET /css/bootstrap.css HTTP/1.1" 404 1130 "http://santarita.edu.pe/Admin" "Mozilla/5.0 (X11; Linux x86_64) AppleWebKit/537.36 (KHTML, like Gecko) Chrome/91.0.4472.114 Safari/537.36"
177.135.190.166 - - [13/Aug/2021:07:00:59 -0500] "GET /css/font-awesome.css HTTP/1.1" 404 1130 "http://santarita.edu.pe/Admin" "Mozilla/5.0 (X11; Linux x86_64) AppleWebKit/537.36 (KHTML, like Gecko) Chrome/91.0.4472.114 Safari/537.36"
177.135.190.166 - - [13/Aug/2021:07:00:59 -0500] "GET /js/pegarID.js HTTP/1.1" 404 1130 "http://santarita.edu.pe/Admin" "Mozilla/5.0 (X11; Linux x86_64) AppleWebKit/537.36 (KHTML, like Gecko) Chrome/91.0.4472.114 Safari/537.36"
177.135.190.166 - - [13/Aug/2021:07:00:59 -0500] "GET /js/jquery-3.1.1.js HTTP/1.1" 404 1130 "http://santarita.edu.pe/Admin" "Mozilla/5.0 (X11; Linux x86_64) AppleWebKit/537.36 (KHTML, like Gecko) Chrome/91.0.4472.114 Safari/537.36"
177.135.190.166 - - [13/Aug/2021:07:00:59 -0500] "GET /css/responsive.css HTTP/1.1" 404 1130 "http://santarita.edu.pe/Admin" "Mozilla/5.0 (X11; Linux x86_64) AppleWebKit/537.36 (KHTML, like Gecko) Chrome/91.0.4472.114 Safari/537.36"
177.135.190.166 - - [13/Aug/2021:07:00:59 -0500] "GET /css/style.css HTTP/1.1" 404 1130 "http://santarita.edu.pe/Admin" "Mozilla/5.0 (X11; Linux x86_64) AppleWebKit/537.36 (KHTML, like Gecko) Chrome/91.0.4472.114 Safari/537.36"
177.135.190.166 - - [13/Aug/2021:07:00:59 -0500] "GET /js/bootstrap.js HTTP/1.1" 404 1130 "http://santarita.edu.pe/Admin" "Mozilla/5.0 (X11; Linux x86_64) AppleWebKit/537.36 (KHTML, like Gecko) Chrome/91.0.4472.114 Safari/537.36"
177.135.190.166 - - [13/Aug/2021:07:00:59 -0500] "GET /js/bootstrap-hover-dropdown.min.js HTTP/1.1" 404 1130 "http://santarita.edu.pe/Admin" "Mozilla/5.0 (X11; Linux x86_64) AppleWebKit/537.36 (KHTML, like Gecko) Chrome/91.0.4472.114 Safari/537.36"
