23.100.232.233 - - [12/Aug/2021:13:02:28 -0500] "GET /vendor/jquery/jquery.min.js HTTP/1.1" 200 86927 "http://www.santarita.edu.pe/" "Mozilla/5.0 (compatible; MSIE 9.0; Windows NT 6.0; Trident/5.0;  Trident/5.0)"
23.100.232.233 - - [12/Aug/2021:13:02:28 -0500] "GET /vendor/bootstrap/js/bootstrap.bundle.min.js HTTP/1.1" 200 78635 "http://www.santarita.edu.pe/" "Mozilla/5.0 (compatible; MSIE 9.0; Windows NT 6.0; Trident/5.0;  Trident/5.0)"
23.100.232.233 - - [12/Aug/2021:13:02:28 -0500] "GET /vendor/magnific-popup/jquery.magnific-popup.min.js HTTP/1.1" 200 20216 "http://www.santarita.edu.pe/" "Mozilla/5.0 (compatible; MSIE 9.0; Windows NT 6.0; Trident/5.0;  Trident/5.0)"
23.100.232.233 - - [12/Aug/2021:13:02:28 -0500] "GET /vendor/jquery-easing/jquery.easing.min.js HTTP/1.1" 200 2532 "http://www.santarita.edu.pe/" "Mozilla/5.0 (compatible; MSIE 9.0; Windows NT 6.0; Trident/5.0;  Trident/5.0)"
23.100.232.233 - - [12/Aug/2021:13:02:28 -0500] "GET /assets/js/creative.min.js HTTP/1.1" 200 1178 "http://www.santarita.edu.pe/" "Mozilla/5.0 (compatible; MSIE 9.0; Windows NT 6.0; Trident/5.0;  Trident/5.0)"
114.119.145.237 - - [12/Aug/2021:13:07:15 -0500] "GET /pdf/src/Positioner/NullPositioner.php HTTP/1.1" 500 - "-" "Mozilla/5.0 (Linux; Android 7.0;) AppleWebKit/537.36 (KHTML, like Gecko) Mobile Safari/537.36 (compatible; PetalBot;+https://webmaster.petalsearch.com/site/petalbot)"
114.119.145.216 - - [12/Aug/2021:13:15:49 -0500] "GET /pdf/lib/php-css-parser/lib/Sabberworm/CSS/Parsing/ HTTP/1.1" 200 1303 "-" "Mozilla/5.0 (Linux; Android 7.0;) AppleWebKit/537.36 (KHTML, like Gecko) Mobile Safari/537.36 (compatible; PetalBot;+https://webmaster.petalsearch.com/site/petalbot)"
207.46.13.103 - - [12/Aug/2021:13:27:42 -0500] "GET /assets/XIII_MUESTRA_CIENTIFICA_LATINOAMERICANA.docx HTTP/1.1" 200 323614 "-" "Mozilla/5.0 (compatible; bingbot/2.0; +http://www.bing.com/bingbot.htm)"
114.119.145.228 - - [12/Aug/2021:13:32:39 -0500] "GET /pdf/lib/php-css-parser/lib/Sabberworm/CSS/CSSList?C=S%3BO%3DA HTTP/1.1" 301 294 "-" "Mozilla/5.0 (Linux; Android 7.0;) AppleWebKit/537.36 (KHTML, like Gecko) Mobile Safari/537.36 (compatible; PetalBot;+https://webmaster.petalsearch.com/site/petalbot)"
114.119.145.228 - - [12/Aug/2021:13:32:39 -0500] "GET /pdf/lib/php-css-parser/lib/Sabberworm/CSS/CSSList/?C=S%3BO%3DA HTTP/1.1" 200 1640 "-" "Mozilla/5.0 (Linux; Android 7.0;) AppleWebKit/537.36 (KHTML, like Gecko) Mobile Safari/537.36 (compatible; PetalBot;+https://webmaster.petalsearch.com/site/petalbot)"
114.119.145.237 - - [12/Aug/2021:13:40:54 -0500] "GET /pdf/lib/php-css-parser/lib?C=S%3BO%3DA HTTP/1.1" 301 271 "-" "Mozilla/5.0 (Linux; Android 7.0;) AppleWebKit/537.36 (KHTML, like Gecko) Mobile Safari/537.36 (compatible; PetalBot;+https://webmaster.petalsearch.com/site/petalbot)"
114.119.145.237 - - [12/Aug/2021:13:40:54 -0500] "GET /pdf/lib/php-css-parser/lib/?C=S%3BO%3DA HTTP/1.1" 200 844 "-" "Mozilla/5.0 (Linux; Android 7.0;) AppleWebKit/537.36 (KHTML, like Gecko) Mobile Safari/537.36 (compatible; PetalBot;+https://webmaster.petalsearch.com/site/petalbot)"
114.119.145.237 - - [12/Aug/2021:13:49:40 -0500] "GET /pdf/lib/php-css-parser/lib/Sabberworm/CSS/Property/Charset.php HTTP/1.1" 500 - "-" "Mozilla/5.0 (Linux; Android 7.0;) AppleWebKit/537.36 (KHTML, like Gecko) Mobile Safari/537.36 (compatible; PetalBot;+https://webmaster.petalsearch.com/site/petalbot)"
66.249.65.15 - - [12/Aug/2021:13:51:31 -0500] "GET /zwuytzgk-z320175274-occjxp-wsgp-jyshwszq-deiuo-tudip-m61-tlyelq-impli-fmgw-sozup-clnpegvb.xhtml HTTP/1.1" 404 1130 "-" "Mozilla/5.0 (compatible; Googlebot/2.1; +http://www.google.com/bot.html)"
114.119.145.205 - - [12/Aug/2021:13:58:30 -0500] "GET /pdf/lib/php-css-parser/lib/Sabberworm/CSS/Comment/ HTTP/1.1" 200 1092 "-" "Mozilla/5.0 (Linux; Android 7.0;) AppleWebKit/537.36 (KHTML, like Gecko) Mobile Safari/537.36 (compatible; PetalBot;+https://webmaster.petalsearch.com/site/petalbot)"
114.119.145.237 - - [12/Aug/2021:14:06:53 -0500] "GET /pdf/lib/php-css-parser/lib/Sabberworm/CSS?C=S%3BO%3DA HTTP/1.1" 301 286 "-" "Mozilla/5.0 (Linux; Android 7.0;) AppleWebKit/537.36 (KHTML, like Gecko) Mobile Safari/537.36 (compatible; PetalBot;+https://webmaster.petalsearch.com/site/petalbot)"
114.119.145.237 - - [12/Aug/2021:14:06:53 -0500] "GET /pdf/lib/php-css-parser/lib/Sabberworm/CSS/?C=S%3BO%3DA HTTP/1.1" 200 2662 "-" "Mozilla/5.0 (Linux; Android 7.0;) AppleWebKit/537.36 (KHTML, like Gecko) Mobile Safari/537.36 (compatible; PetalBot;+https://webmaster.petalsearch.com/site/petalbot)"
66.249.65.17 - - [12/Aug/2021:14:10:49 -0500] "GET /a43136-xvr-w4341-nfnskgwmxv/ HTTP/1.1" 404 1130 "-" "Mozilla/5.0 (compatible; Googlebot/2.1; +http://www.google.com/bot.html)"
114.119.145.216 - - [12/Aug/2021:14:15:39 -0500] "GET /pdf/lib/php-css-parser/lib/Sabberworm/CSS/CSSList/?C=M%3BO%3DA HTTP/1.1" 200 1640 "-" "Mozilla/5.0 (Linux; Android 7.0;) AppleWebKit/537.36 (KHTML, like Gecko) Mobile Safari/537.36 (compatible; PetalBot;+https://webmaster.petalsearch.com/site/petalbot)"
207.46.13.167 - - [12/Aug/2021:14:18:57 -0500] "GET /assets/img/portfolio/fullsize/11.jpg HTTP/1.1" 200 2810039 "-" "Mozilla/5.0 (compatible; bingbot/2.0; +http://www.bing.com/bingbot.htm)"
114.119.145.236 - - [12/Aug/2021:14:24:22 -0500] "GET /pdf/lib/php-css-parser/tests/files/url.css HTTP/1.1" 200 170 "-" "Mozilla/5.0 (Linux; Android 7.0;) AppleWebKit/537.36 (KHTML, like Gecko) Mobile Safari/537.36 (compatible; PetalBot;+https://webmaster.petalsearch.com/site/petalbot)"
207.46.13.103 - - [12/Aug/2021:14:33:49 -0500] "GET /assets/img/portfolio/fullsize/4.jpg HTTP/1.1" 200 3299985 "-" "Mozilla/5.0 (compatible; bingbot/2.0; +http://www.bing.com/bingbot.htm)"
114.119.145.236 - - [12/Aug/2021:14:41:38 -0500] "GET /pdf/src/FrameDecorator?C=M%3BO%3DA HTTP/1.1" 301 267 "-" "Mozilla/5.0 (Linux; Android 7.0;) AppleWebKit/537.36 (KHTML, like Gecko) Mobile Safari/537.36 (compatible; PetalBot;+https://webmaster.petalsearch.com/site/petalbot)"
114.119.145.236 - - [12/Aug/2021:14:41:39 -0500] "GET /pdf/src/FrameDecorator/?C=M%3BO%3DA HTTP/1.1" 200 3005 "-" "Mozilla/5.0 (Linux; Android 7.0;) AppleWebKit/537.36 (KHTML, like Gecko) Mobile Safari/537.36 (compatible; PetalBot;+https://webmaster.petalsearch.com/site/petalbot)"
114.119.145.205 - - [12/Aug/2021:14:49:51 -0500] "GET /pdf/lib/php-css-parser/tests/files/-end-token.css HTTP/1.1" 200 16 "-" "Mozilla/5.0 (Linux; Android 7.0;) AppleWebKit/537.36 (KHTML, like Gecko) Mobile Safari/537.36 (compatible; PetalBot;+https://webmaster.petalsearch.com/site/petalbot)"
114.119.145.236 - - [12/Aug/2021:14:58:38 -0500] "GET /pdf/_travis.yml HTTP/1.1" 200 346 "-" "Mozilla/5.0 (Linux; Android 7.0;) AppleWebKit/537.36 (KHTML, like Gecko) Mobile Safari/537.36 (compatible; PetalBot;+https://webmaster.petalsearch.com/site/petalbot)"
114.119.145.233 - - [12/Aug/2021:15:07:38 -0500] "GET /pdf/lib/fonts/Helvetica-Bold.afm HTTP/1.1" 200 72244 "-" "Mozilla/5.0 (Linux; Android 7.0;) AppleWebKit/537.36 (KHTML, like Gecko) Mobile Safari/537.36 (compatible; PetalBot;+https://webmaster.petalsearch.com/site/petalbot)"
114.119.145.205 - - [12/Aug/2021:15:16:02 -0500] "GET /pdf/lib/php-css-parser/lib/Sabberworm/CSS/RuleSet/DeclarationBlock.php HTTP/1.1" 500 - "-" "Mozilla/5.0 (Linux; Android 7.0;) AppleWebKit/537.36 (KHTML, like Gecko) Mobile Safari/537.36 (compatible; PetalBot;+https://webmaster.petalsearch.com/site/petalbot)"
157.55.39.136 - - [12/Aug/2021:15:23:52 -0500] "GET /assets/img/portfolio/fullsize/6.jpg HTTP/1.1" 200 2201135 "-" "Mozilla/5.0 (compatible; bingbot/2.0; +http://www.bing.com/bingbot.htm)"
114.119.145.212 - - [12/Aug/2021:15:24:56 -0500] "GET /pdf/lib/fonts/DejaVuSans-Bold.ufm HTTP/1.1" 200 213432 "-" "Mozilla/5.0 (Linux; Android 7.0;) AppleWebKit/537.36 (KHTML, like Gecko) Mobile Safari/537.36 (compatible; PetalBot;+https://webmaster.petalsearch.com/site/petalbot)"
114.119.145.22 - - [12/Aug/2021:15:33:33 -0500] "GET /pdf/lib/php-css-parser/tests/Sabberworm/CSS/CSSList/DocumentTest.php HTTP/1.1" 500 - "-" "Mozilla/5.0 (Linux; Android 7.0;) AppleWebKit/537.36 (KHTML, like Gecko) Mobile Safari/537.36 (compatible; PetalBot;+https://webmaster.petalsearch.com/site/petalbot)"
40.77.167.21 - - [12/Aug/2021:15:41:51 -0500] "GET /assets/img/portfolio/thumbnails/10.jpg HTTP/1.1" 200 2373714 "-" "Mozilla/5.0 (compatible; bingbot/2.0; +http://www.bing.com/bingbot.htm)"
114.119.145.225 - - [12/Aug/2021:15:42:28 -0500] "GET /pdf/lib/php-css-parser/tests/files/unicode.css HTTP/1.1" 200 567 "-" "Mozilla/5.0 (Linux; Android 7.0;) AppleWebKit/537.36 (KHTML, like Gecko) Mobile Safari/537.36 (compatible; PetalBot;+https://webmaster.petalsearch.com/site/petalbot)"
114.119.145.237 - - [12/Aug/2021:15:51:16 -0500] "GET /pdf/lib/php-svg-lib/tests?C=S%3BO%3DA HTTP/1.1" 301 270 "-" "Mozilla/5.0 (Linux; Android 7.0;) AppleWebKit/537.36 (KHTML, like Gecko) Mobile Safari/537.36 (compatible; PetalBot;+https://webmaster.petalsearch.com/site/petalbot)"
114.119.145.237 - - [12/Aug/2021:15:51:16 -0500] "GET /pdf/lib/php-svg-lib/tests/?C=S%3BO%3DA HTTP/1.1" 200 832 "-" "Mozilla/5.0 (Linux; Android 7.0;) AppleWebKit/537.36 (KHTML, like Gecko) Mobile Safari/537.36 (compatible; PetalBot;+https://webmaster.petalsearch.com/site/petalbot)"
114.119.145.225 - - [12/Aug/2021:15:59:51 -0500] "GET /pdf/lib/php-svg-lib/tests/Svg HTTP/1.1" 301 262 "-" "Mozilla/5.0 (Linux; Android 7.0;) AppleWebKit/537.36 (KHTML, like Gecko) Mobile Safari/537.36 (compatible; PetalBot;+https://webmaster.petalsearch.com/site/petalbot)"
114.119.145.225 - - [12/Aug/2021:15:59:51 -0500] "GET /pdf/lib/php-svg-lib/tests/Svg/ HTTP/1.1" 200 855 "-" "Mozilla/5.0 (Linux; Android 7.0;) AppleWebKit/537.36 (KHTML, like Gecko) Mobile Safari/537.36 (compatible; PetalBot;+https://webmaster.petalsearch.com/site/petalbot)"
66.249.65.17 - - [12/Aug/2021:16:00:04 -0500] "GET /robots.txt HTTP/1.1" 404 1130 "-" "Mozilla/5.0 (compatible; Googlebot/2.1; +http://www.google.com/bot.html)"
66.249.65.19 - - [12/Aug/2021:16:00:04 -0500] "GET /suvu-w4345-xxbj-a2663-xle/ HTTP/1.1" 404 1130 "-" "Mozilla/5.0 (compatible; Googlebot/2.1; +http://www.google.com/bot.html)"
66.249.65.15 - - [12/Aug/2021:16:03:51 -0500] "GET /index.php/informes/templates/templates/modules/mod_novasfh/engine/templates/professio/images/printButton.png HTTP/1.1" 404 1130 "-" "Googlebot-Image/1.0"
114.119.145.228 - - [12/Aug/2021:16:08:47 -0500] "GET /pdf?C=M%3BO%3DA HTTP/1.1" 301 248 "-" "Mozilla/5.0 (Linux; Android 7.0;) AppleWebKit/537.36 (KHTML, like Gecko) Mobile Safari/537.36 (compatible; PetalBot;+https://webmaster.petalsearch.com/site/petalbot)"
114.119.145.228 - - [12/Aug/2021:16:08:47 -0500] "GET /pdf/?C=M%3BO%3DA HTTP/1.1" 200 2383 "-" "Mozilla/5.0 (Linux; Android 7.0;) AppleWebKit/537.36 (KHTML, like Gecko) Mobile Safari/537.36 (compatible; PetalBot;+https://webmaster.petalsearch.com/site/petalbot)"
114.119.145.22 - - [12/Aug/2021:16:26:02 -0500] "GET /pdf/lib/php-css-parser/lib/Sabberworm/CSS/CSSList?C=N%3BO%3DD HTTP/1.1" 301 294 "-" "Mozilla/5.0 (Linux; Android 7.0;) AppleWebKit/537.36 (KHTML, like Gecko) Mobile Safari/537.36 (compatible; PetalBot;+https://webmaster.petalsearch.com/site/petalbot)"
114.119.145.22 - - [12/Aug/2021:16:26:02 -0500] "GET /pdf/lib/php-css-parser/lib/Sabberworm/CSS/CSSList/?C=N%3BO%3DD HTTP/1.1" 200 1640 "-" "Mozilla/5.0 (Linux; Android 7.0;) AppleWebKit/537.36 (KHTML, like Gecko) Mobile Safari/537.36 (compatible; PetalBot;+https://webmaster.petalsearch.com/site/petalbot)"
114.119.157.237 - - [12/Aug/2021:16:34:52 -0500] "GET /pdf/lib/php-svg-lib/src/ HTTP/1.1" 200 1008 "-" "Mozilla/5.0 (Linux; Android 7.0;) AppleWebKit/537.36 (KHTML, like Gecko) Mobile Safari/537.36 (compatible; PetalBot;+https://webmaster.petalsearch.com/site/petalbot)"
66.249.73.23 - - [12/Aug/2021:16:36:04 -0500] "GET /index.php?option=com_phocaguestbook&view=phocaguestbooki&id=1&Itemid=59&phocasid=bbead353408e7992065364ef31645779 HTTP/1.1" 200 28464 "-" "Googlebot-Image/1.0"
114.119.150.170 - - [12/Aug/2021:16:43:20 -0500] "GET /pdf/lib/php-css-parser/tests/ HTTP/1.1" 200 1563 "-" "Mozilla/5.0 (Linux; Android 7.0;) AppleWebKit/537.36 (KHTML, like Gecko) Mobile Safari/537.36 (compatible; PetalBot;+https://webmaster.petalsearch.com/site/petalbot)"
114.119.145.233 - - [12/Aug/2021:16:52:24 -0500] "GET /pdf/lib/php-css-parser/tests/Sabberworm/CSS/RuleSet/?C=S%3BO%3DA HTTP/1.1" 200 1121 "-" "Mozilla/5.0 (Linux; Android 7.0;) AppleWebKit/537.36 (KHTML, like Gecko) Mobile Safari/537.36 (compatible; PetalBot;+https://webmaster.petalsearch.com/site/petalbot)"
54.36.149.40 - - [12/Aug/2021:17:00:01 -0500] "GET /robots.txt HTTP/1.1" 404 1130 "-" "Mozilla/5.0 (compatible; AhrefsBot/7.0; +http://ahrefs.com/robot/)"
54.36.148.171 - - [12/Aug/2021:17:00:03 -0500] "GET / HTTP/1.1" 200 28464 "-" "Mozilla/5.0 (compatible; AhrefsBot/7.0; +http://ahrefs.com/robot/)"
168.119.68.240 - - [12/Aug/2021:17:00:04 -0500] "GET /vendor/fontawesome-free/css/all.min.css HTTP/1.1" 200 55111 "http://www.santarita.edu.pe/" "Mozilla/5.0 (compatible; AhrefsBot/7.0; +http://ahrefs.com/robot/)"
168.119.68.240 - - [12/Aug/2021:17:00:04 -0500] "GET /vendor/magnific-popup/magnific-popup.css HTTP/1.1" 200 6951 "http://www.santarita.edu.pe/" "Mozilla/5.0 (compatible; AhrefsBot/7.0; +http://ahrefs.com/robot/)"
168.119.68.240 - - [12/Aug/2021:17:00:04 -0500] "GET /assets/css/creative.min.css HTTP/1.1" 200 178489 "http://www.santarita.edu.pe/" "Mozilla/5.0 (compatible; AhrefsBot/7.0; +http://ahrefs.com/robot/)"
168.119.68.240 - - [12/Aug/2021:17:00:05 -0500] "GET /vendor/jquery/jquery.min.js HTTP/1.1" 200 86927 "http://www.santarita.edu.pe/" "Mozilla/5.0 (compatible; AhrefsBot/7.0; +http://ahrefs.com/robot/)"
168.119.68.240 - - [12/Aug/2021:17:00:05 -0500] "GET /vendor/bootstrap/js/bootstrap.bundle.min.js HTTP/1.1" 200 78635 "http://www.santarita.edu.pe/" "Mozilla/5.0 (compatible; AhrefsBot/7.0; +http://ahrefs.com/robot/)"
168.119.68.240 - - [12/Aug/2021:17:00:05 -0500] "GET /vendor/magnific-popup/jquery.magnific-popup.min.js HTTP/1.1" 200 20216 "http://www.santarita.edu.pe/" "Mozilla/5.0 (compatible; AhrefsBot/7.0; +http://ahrefs.com/robot/)"
168.119.68.240 - - [12/Aug/2021:17:00:05 -0500] "GET /vendor/jquery-easing/jquery.easing.min.js HTTP/1.1" 200 2532 "http://www.santarita.edu.pe/" "Mozilla/5.0 (compatible; AhrefsBot/7.0; +http://ahrefs.com/robot/)"
168.119.68.240 - - [12/Aug/2021:17:00:05 -0500] "GET /vendor/fontawesome-free/webfonts/fa-solid-900.woff2 HTTP/1.1" 200 74256 "http://www.santarita.edu.pe/vendor/fontawesome-free/css/all.min.css" "Mozilla/5.0 (compatible; AhrefsBot/7.0; +http://ahrefs.com/robot/)"
168.119.68.240 - - [12/Aug/2021:17:00:05 -0500] "GET /assets/js/creative.min.js HTTP/1.1" 200 1178 "http://www.santarita.edu.pe/" "Mozilla/5.0 (compatible; AhrefsBot/7.0; +http://ahrefs.com/robot/)"
114.119.145.22 - - [12/Aug/2021:17:01:24 -0500] "GET /pdf/lib/php-svg-lib/COPYING.GPL HTTP/1.1" 200 35149 "-" "Mozilla/5.0 (Linux; Android 7.0;) AppleWebKit/537.36 (KHTML, like Gecko) Mobile Safari/537.36 (compatible; PetalBot;+https://webmaster.petalsearch.com/site/petalbot)"
114.119.145.237 - - [12/Aug/2021:17:09:51 -0500] "GET /pdf/lib/fonts/DejaVuSans.ufm HTTP/1.1" 200 226679 "-" "Mozilla/5.0 (Linux; Android 7.0;) AppleWebKit/537.36 (KHTML, like Gecko) Mobile Safari/537.36 (compatible; PetalBot;+https://webmaster.petalsearch.com/site/petalbot)"
114.119.145.236 - - [12/Aug/2021:17:18:45 -0500] "GET /pdf/lib/html5lib/TreeBuilder.php HTTP/1.1" 200 - "-" "Mozilla/5.0 (Linux; Android 7.0;) AppleWebKit/537.36 (KHTML, like Gecko) Mobile Safari/537.36 (compatible; PetalBot;+https://webmaster.petalsearch.com/site/petalbot)"
156.146.36.99 - - [12/Aug/2021:17:28:40 -0500] "GET / HTTP/1.1" 200 28464 "-" "Mozilla/5.0 (Windows NT 6.2) AppleWebKit/537.36 (KHTML, like Gecko) Chrome/65.0.3325.181 Safari/537.36"
156.146.36.99 - - [12/Aug/2021:17:28:41 -0500] "GET / HTTP/1.1" 200 28464 "http://santarita.edu.pe" "Mozilla/5.0 (Windows NT 6.2) AppleWebKit/537.36 (KHTML, like Gecko) Chrome/65.0.3325.181 Safari/537.36"
156.146.36.99 - - [12/Aug/2021:17:28:41 -0500] "GET /assets/img/trujillo.jpg HTTP/1.1" 200 116491 "http://santarita.edu.pe" "Mozilla/5.0 (Windows NT 6.2) AppleWebKit/537.36 (KHTML, like Gecko) Chrome/65.0.3325.181 Safari/537.36"
156.146.36.99 - - [12/Aug/2021:17:28:41 -0500] "GET /assets/img/portfolio/fullsize/1.jpg HTTP/1.1" 200 193185 "http://santarita.edu.pe" "Mozilla/5.0 (Windows NT 6.2) AppleWebKit/537.36 (KHTML, like Gecko) Chrome/65.0.3325.181 Safari/537.36"
156.146.36.99 - - [12/Aug/2021:17:28:42 -0500] "GET /assets/img/programacao.png HTTP/1.1" 200 58783 "http://santarita.edu.pe" "Mozilla/5.0 (Windows NT 6.2) AppleWebKit/537.36 (KHTML, like Gecko) Chrome/65.0.3325.181 Safari/537.36"
156.146.36.99 - - [12/Aug/2021:17:28:42 -0500] "GET /assets/img/portfolio/fullsize/2.jpg HTTP/1.1" 200 188784 "http://santarita.edu.pe" "Mozilla/5.0 (Windows NT 6.2) AppleWebKit/537.36 (KHTML, like Gecko) Chrome/65.0.3325.181 Safari/537.36"
156.146.36.99 - - [12/Aug/2021:17:28:43 -0500] "GET /assets/img/lupa.png HTTP/1.1" 200 8774 "http://santarita.edu.pe" "Mozilla/5.0 (Windows NT 6.2) AppleWebKit/537.36 (KHTML, like Gecko) Chrome/65.0.3325.181 Safari/537.36"
156.146.36.99 - - [12/Aug/2021:17:28:43 -0500] "GET /assets/img/portfolio/fullsize/3.jpg HTTP/1.1" 200 59824 "http://santarita.edu.pe" "Mozilla/5.0 (Windows NT 6.2) AppleWebKit/537.36 (KHTML, like Gecko) Chrome/65.0.3325.181 Safari/537.36"
156.146.36.99 - - [12/Aug/2021:17:28:43 -0500] "GET /assets/img/logoferia.png HTTP/1.1" 200 267518 "http://santarita.edu.pe" "Mozilla/5.0 (Windows NT 6.2) AppleWebKit/537.36 (KHTML, like Gecko) Chrome/65.0.3325.181 Safari/537.36"
156.146.36.99 - - [12/Aug/2021:17:28:44 -0500] "GET /assets/img/portfolio/fullsize/4.jpg HTTP/1.1" 200 3299985 "http://santarita.edu.pe" "Mozilla/5.0 (Windows NT 6.2) AppleWebKit/537.36 (KHTML, like Gecko) Chrome/65.0.3325.181 Safari/537.36"
156.146.36.99 - - [12/Aug/2021:17:28:45 -0500] "GET /assets/img/favicon.jpg HTTP/1.1" 200 798 "http://santarita.edu.pe" "Mozilla/5.0 (Windows NT 6.2) AppleWebKit/537.36 (KHTML, like Gecko) Chrome/65.0.3325.181 Safari/537.36"
156.146.36.99 - - [12/Aug/2021:17:28:46 -0500] "GET /assets/img/portfolio/fullsize/5.jpg HTTP/1.1" 200 1794058 "http://santarita.edu.pe" "Mozilla/5.0 (Windows NT 6.2) AppleWebKit/537.36 (KHTML, like Gecko) Chrome/65.0.3325.181 Safari/537.36"
156.146.36.99 - - [12/Aug/2021:17:28:47 -0500] "GET /assets/img/Otuzco.jpg HTTP/1.1" 200 157666 "http://santarita.edu.pe" "Mozilla/5.0 (Windows NT 6.2) AppleWebKit/537.36 (KHTML, like Gecko) Chrome/65.0.3325.181 Safari/537.36"
156.146.36.99 - - [12/Aug/2021:17:28:48 -0500] "GET /assets/img/portfolio/fullsize/6.jpg HTTP/1.1" 200 2201135 "http://santarita.edu.pe" "Mozilla/5.0 (Windows NT 6.2) AppleWebKit/537.36 (KHTML, like Gecko) Chrome/65.0.3325.181 Safari/537.36"
156.146.36.99 - - [12/Aug/2021:17:28:49 -0500] "GET /assets/css/creative.min.css HTTP/1.1" 200 178489 "http://santarita.edu.pe" "Mozilla/5.0 (Windows NT 6.2) AppleWebKit/537.36 (KHTML, like Gecko) Chrome/65.0.3325.181 Safari/537.36"
156.146.36.99 - - [12/Aug/2021:17:28:49 -0500] "GET /assets/img/portfolio/fullsize/7.jpg HTTP/1.1" 200 2498340 "http://santarita.edu.pe" "Mozilla/5.0 (Windows NT 6.2) AppleWebKit/537.36 (KHTML, like Gecko) Chrome/65.0.3325.181 Safari/537.36"
156.146.36.99 - - [12/Aug/2021:17:28:51 -0500] "GET /MCL/salvarProjeto HTTP/1.1" 200 6514 "http://santarita.edu.pe" "Mozilla/5.0 (Windows NT 6.2) AppleWebKit/537.36 (KHTML, like Gecko) Chrome/65.0.3325.181 Safari/537.36"
156.146.36.99 - - [12/Aug/2021:17:28:51 -0500] "GET /assets/img/portfolio/fullsize/8.jpg HTTP/1.1" 200 2729616 "http://santarita.edu.pe" "Mozilla/5.0 (Windows NT 6.2) AppleWebKit/537.36 (KHTML, like Gecko) Chrome/65.0.3325.181 Safari/537.36"
156.146.36.99 - - [12/Aug/2021:17:28:53 -0500] "GET /assets/XIII_MUESTRA_CIENTIFICA_LATINOAMERICANA.docx HTTP/1.1" 200 323614 "http://santarita.edu.pe" "Mozilla/5.0 (Windows NT 6.2) AppleWebKit/537.36 (KHTML, like Gecko) Chrome/65.0.3325.181 Safari/537.36"
156.146.36.99 - - [12/Aug/2021:17:28:54 -0500] "GET /assets/img/portfolio/fullsize/9.jpg HTTP/1.1" 200 1945317 "http://santarita.edu.pe" "Mozilla/5.0 (Windows NT 6.2) AppleWebKit/537.36 (KHTML, like Gecko) Chrome/65.0.3325.181 Safari/537.36"
156.146.36.99 - - [12/Aug/2021:17:28:55 -0500] "GET /assets/img/portfolio/fullsize/12.jpg HTTP/1.1" 200 2469075 "http://santarita.edu.pe" "Mozilla/5.0 (Windows NT 6.2) AppleWebKit/537.36 (KHTML, like Gecko) Chrome/65.0.3325.181 Safari/537.36"
156.146.36.99 - - [12/Aug/2021:17:28:57 -0500] "GET /assets/img/portfolio/fullsize/10.jpg HTTP/1.1" 200 2373714 "http://santarita.edu.pe" "Mozilla/5.0 (Windows NT 6.2) AppleWebKit/537.36 (KHTML, like Gecko) Chrome/65.0.3325.181 Safari/537.36"
156.146.36.99 - - [12/Aug/2021:17:28:58 -0500] "GET /assets/img/portfolio/fullsize/11.jpg HTTP/1.1" 200 2810039 "http://santarita.edu.pe" "Mozilla/5.0 (Windows NT 6.2) AppleWebKit/537.36 (KHTML, like Gecko) Chrome/65.0.3325.181 Safari/537.36"
207.46.13.22 - - [12/Aug/2021:17:30:08 -0500] "GET / HTTP/1.1" 200 28464 "-" "Mozilla/5.0 (compatible; bingbot/2.0; +http://www.bing.com/bingbot.htm)"
114.119.145.212 - - [12/Aug/2021:17:36:08 -0500] "GET /pdf/lib/php-css-parser/tests/Sabberworm/CSS/RuleSet/DeclarationBlockTest.php HTTP/1.1" 500 - "-" "Mozilla/5.0 (Linux; Android 7.0;) AppleWebKit/537.36 (KHTML, like Gecko) Mobile Safari/537.36 (compatible; PetalBot;+https://webmaster.petalsearch.com/site/petalbot)"
114.119.145.233 - - [12/Aug/2021:17:44:51 -0500] "GET /pdf/lib/php-css-parser/tests/Sabberworm/CSS/RuleSet/?C=N%3BO%3DD HTTP/1.1" 200 1121 "-" "Mozilla/5.0 (Linux; Android 7.0;) AppleWebKit/537.36 (KHTML, like Gecko) Mobile Safari/537.36 (compatible; PetalBot;+https://webmaster.petalsearch.com/site/petalbot)"
114.119.145.212 - - [12/Aug/2021:17:53:23 -0500] "GET /pdf/lib/php-css-parser/lib/Sabberworm/CSS/Value/PrimitiveValue.php HTTP/1.1" 500 - "-" "Mozilla/5.0 (Linux; Android 7.0;) AppleWebKit/537.36 (KHTML, like Gecko) Mobile Safari/537.36 (compatible; PetalBot;+https://webmaster.petalsearch.com/site/petalbot)"
114.119.145.228 - - [12/Aug/2021:18:02:21 -0500] "GET /pdf/lib/php-svg-lib/src/Svg/Tag/StyleTag.php HTTP/1.1" 500 - "-" "Mozilla/5.0 (Linux; Android 7.0;) AppleWebKit/537.36 (KHTML, like Gecko) Mobile Safari/537.36 (compatible; PetalBot;+https://webmaster.petalsearch.com/site/petalbot)"
114.119.145.237 - - [12/Aug/2021:18:11:26 -0500] "GET /pdf/lib/fonts/Times-Bold.afm HTTP/1.1" 200 66987 "-" "Mozilla/5.0 (Linux; Android 7.0;) AppleWebKit/537.36 (KHTML, like Gecko) Mobile Safari/537.36 (compatible; PetalBot;+https://webmaster.petalsearch.com/site/petalbot)"
66.249.73.23 - - [12/Aug/2021:18:13:00 -0500] "GET /index.php?option=com_phocaguestbook&view=phocaguestbooki&id=1&Itemid=59&phocasid=e873fa5389423de7b822a87a53c59aad HTTP/1.1" 200 28464 "-" "Googlebot-Image/1.0"
114.119.145.233 - - [12/Aug/2021:18:19:58 -0500] "GET /pdf/lib/php-css-parser/tests/files/specificity.css HTTP/1.1" 200 86 "-" "Mozilla/5.0 (Linux; Android 7.0;) AppleWebKit/537.36 (KHTML, like Gecko) Mobile Safari/537.36 (compatible; PetalBot;+https://webmaster.petalsearch.com/site/petalbot)"
114.119.145.22 - - [12/Aug/2021:18:37:27 -0500] "GET /pdf/lib/php-svg-lib/src/Svg/Tag/Group.php HTTP/1.1" 500 - "-" "Mozilla/5.0 (Linux; Android 7.0;) AppleWebKit/537.36 (KHTML, like Gecko) Mobile Safari/537.36 (compatible; PetalBot;+https://webmaster.petalsearch.com/site/petalbot)"
54.36.148.145 - - [12/Aug/2021:18:41:22 -0500] "GET / HTTP/1.1" 200 28464 "-" "Mozilla/5.0 (compatible; AhrefsBot/7.0; +http://ahrefs.com/robot/)"
168.119.68.190 - - [12/Aug/2021:18:41:25 -0500] "GET /vendor/fontawesome-free/css/all.min.css HTTP/1.1" 200 55111 "http://santarita.edu.pe/" "Mozilla/5.0 (compatible; AhrefsBot/7.0; +http://ahrefs.com/robot/)"
168.119.68.190 - - [12/Aug/2021:18:41:25 -0500] "GET /vendor/magnific-popup/magnific-popup.css HTTP/1.1" 200 6951 "http://santarita.edu.pe/" "Mozilla/5.0 (compatible; AhrefsBot/7.0; +http://ahrefs.com/robot/)"
168.119.68.190 - - [12/Aug/2021:18:41:25 -0500] "GET /assets/css/creative.min.css HTTP/1.1" 200 178489 "http://santarita.edu.pe/" "Mozilla/5.0 (compatible; AhrefsBot/7.0; +http://ahrefs.com/robot/)"
168.119.68.190 - - [12/Aug/2021:18:41:25 -0500] "GET /vendor/jquery/jquery.min.js HTTP/1.1" 200 86927 "http://santarita.edu.pe/" "Mozilla/5.0 (compatible; AhrefsBot/7.0; +http://ahrefs.com/robot/)"
168.119.68.190 - - [12/Aug/2021:18:41:26 -0500] "GET /vendor/jquery-easing/jquery.easing.min.js HTTP/1.1" 200 2532 "http://santarita.edu.pe/" "Mozilla/5.0 (compatible; AhrefsBot/7.0; +http://ahrefs.com/robot/)"
168.119.68.190 - - [12/Aug/2021:18:41:26 -0500] "GET /vendor/bootstrap/js/bootstrap.bundle.min.js HTTP/1.1" 200 78635 "http://santarita.edu.pe/" "Mozilla/5.0 (compatible; AhrefsBot/7.0; +http://ahrefs.com/robot/)"
168.119.68.190 - - [12/Aug/2021:18:41:26 -0500] "GET /vendor/magnific-popup/jquery.magnific-popup.min.js HTTP/1.1" 200 20216 "http://santarita.edu.pe/" "Mozilla/5.0 (compatible; AhrefsBot/7.0; +http://ahrefs.com/robot/)"
168.119.68.190 - - [12/Aug/2021:18:41:26 -0500] "GET /vendor/fontawesome-free/webfonts/fa-solid-900.woff2 HTTP/1.1" 200 74256 "http://santarita.edu.pe/vendor/fontawesome-free/css/all.min.css" "Mozilla/5.0 (compatible; AhrefsBot/7.0; +http://ahrefs.com/robot/)"
168.119.68.190 - - [12/Aug/2021:18:41:26 -0500] "GET /assets/js/creative.min.js HTTP/1.1" 200 1178 "http://santarita.edu.pe/" "Mozilla/5.0 (compatible; AhrefsBot/7.0; +http://ahrefs.com/robot/)"
114.119.145.233 - - [12/Aug/2021:18:46:27 -0500] "GET /pdf/lib/php-svg-lib/src/Svg/Gradient/ HTTP/1.1" 200 866 "-" "Mozilla/5.0 (Linux; Android 7.0;) AppleWebKit/537.36 (KHTML, like Gecko) Mobile Safari/537.36 (compatible; PetalBot;+https://webmaster.petalsearch.com/site/petalbot)"
114.119.145.237 - - [12/Aug/2021:18:55:25 -0500] "GET /pdf/lib/php-css-parser/tests/files/-end-token-2.css HTTP/1.1" 200 72 "-" "Mozilla/5.0 (Linux; Android 7.0;) AppleWebKit/537.36 (KHTML, like Gecko) Mobile Safari/537.36 (compatible; PetalBot;+https://webmaster.petalsearch.com/site/petalbot)"
114.119.145.22 - - [12/Aug/2021:19:04:03 -0500] "GET /pdf/lib/html5lib?C=N%3BO%3DD HTTP/1.1" 301 261 "-" "Mozilla/5.0 (Linux; Android 7.0;) AppleWebKit/537.36 (KHTML, like Gecko) Mobile Safari/537.36 (compatible; PetalBot;+https://webmaster.petalsearch.com/site/petalbot)"
114.119.145.22 - - [12/Aug/2021:19:04:03 -0500] "GET /pdf/lib/html5lib/?C=N%3BO%3DD HTTP/1.1" 200 1732 "-" "Mozilla/5.0 (Linux; Android 7.0;) AppleWebKit/537.36 (KHTML, like Gecko) Mobile Safari/537.36 (compatible; PetalBot;+https://webmaster.petalsearch.com/site/petalbot)"
114.119.145.228 - - [12/Aug/2021:19:12:52 -0500] "GET /pdf/src/Exception?C=S%3BO%3DA HTTP/1.1" 301 262 "-" "Mozilla/5.0 (Linux; Android 7.0;) AppleWebKit/537.36 (KHTML, like Gecko) Mobile Safari/537.36 (compatible; PetalBot;+https://webmaster.petalsearch.com/site/petalbot)"
114.119.145.228 - - [12/Aug/2021:19:12:53 -0500] "GET /pdf/src/Exception/?C=S%3BO%3DA HTTP/1.1" 200 818 "-" "Mozilla/5.0 (Linux; Android 7.0;) AppleWebKit/537.36 (KHTML, like Gecko) Mobile Safari/537.36 (compatible; PetalBot;+https://webmaster.petalsearch.com/site/petalbot)"
114.119.145.228 - - [12/Aug/2021:19:21:30 -0500] "GET /pdf/lib/php-svg-lib/ HTTP/1.1" 200 1875 "-" "Mozilla/5.0 (Linux; Android 7.0;) AppleWebKit/537.36 (KHTML, like Gecko) Mobile Safari/537.36 (compatible; PetalBot;+https://webmaster.petalsearch.com/site/petalbot)"
114.119.145.236 - - [12/Aug/2021:19:30:36 -0500] "GET /pdf/lib/html5lib/?C=D%3BO%3DA HTTP/1.1" 200 1732 "-" "Mozilla/5.0 (Linux; Android 7.0;) AppleWebKit/537.36 (KHTML, like Gecko) Mobile Safari/537.36 (compatible; PetalBot;+https://webmaster.petalsearch.com/site/petalbot)"
114.119.145.236 - - [12/Aug/2021:19:39:37 -0500] "GET /pdf/src/Frame/FrameTreeList.php HTTP/1.1" 200 - "-" "Mozilla/5.0 (Linux; Android 7.0;) AppleWebKit/537.36 (KHTML, like Gecko) Mobile Safari/537.36 (compatible; PetalBot;+https://webmaster.petalsearch.com/site/petalbot)"
114.119.145.22 - - [12/Aug/2021:19:48:14 -0500] "GET /pdf/src/Css?C=D%3BO%3DA HTTP/1.1" 301 256 "-" "Mozilla/5.0 (Linux; Android 7.0;) AppleWebKit/537.36 (KHTML, like Gecko) Mobile Safari/537.36 (compatible; PetalBot;+https://webmaster.petalsearch.com/site/petalbot)"
114.119.145.22 - - [12/Aug/2021:19:48:14 -0500] "GET /pdf/src/Css/?C=D%3BO%3DA HTTP/1.1" 200 1347 "-" "Mozilla/5.0 (Linux; Android 7.0;) AppleWebKit/537.36 (KHTML, like Gecko) Mobile Safari/537.36 (compatible; PetalBot;+https://webmaster.petalsearch.com/site/petalbot)"
114.119.145.205 - - [12/Aug/2021:19:57:22 -0500] "GET /pdf/lib/php-css-parser?C=S%3BO%3DA HTTP/1.1" 301 267 "-" "Mozilla/5.0 (Linux; Android 7.0;) AppleWebKit/537.36 (KHTML, like Gecko) Mobile Safari/537.36 (compatible; PetalBot;+https://webmaster.petalsearch.com/site/petalbot)"
114.119.145.205 - - [12/Aug/2021:19:57:22 -0500] "GET /pdf/lib/php-css-parser/?C=S%3BO%3DA HTTP/1.1" 200 2064 "-" "Mozilla/5.0 (Linux; Android 7.0;) AppleWebKit/537.36 (KHTML, like Gecko) Mobile Safari/537.36 (compatible; PetalBot;+https://webmaster.petalsearch.com/site/petalbot)"
114.119.145.22 - - [12/Aug/2021:20:06:29 -0500] "GET /pdf/src/Exception HTTP/1.1" 301 250 "-" "Mozilla/5.0 (Linux; Android 7.0;) AppleWebKit/537.36 (KHTML, like Gecko) Mobile Safari/537.36 (compatible; PetalBot;+https://webmaster.petalsearch.com/site/petalbot)"
114.119.145.22 - - [12/Aug/2021:20:06:29 -0500] "GET /pdf/src/Exception/ HTTP/1.1" 200 818 "-" "Mozilla/5.0 (Linux; Android 7.0;) AppleWebKit/537.36 (KHTML, like Gecko) Mobile Safari/537.36 (compatible; PetalBot;+https://webmaster.petalsearch.com/site/petalbot)"
114.119.145.233 - - [12/Aug/2021:20:14:59 -0500] "GET /pdf/lib/php-css-parser/phpunit.xml HTTP/1.1" 200 335 "-" "Mozilla/5.0 (Linux; Android 7.0;) AppleWebKit/537.36 (KHTML, like Gecko) Mobile Safari/537.36 (compatible; PetalBot;+https://webmaster.petalsearch.com/site/petalbot)"
216.244.66.202 - - [12/Aug/2021:20:18:41 -0500] "GET /robots.txt HTTP/1.1" 404 1130 "-" "Mozilla/5.0 (compatible; DotBot/1.2; +https://opensiteexplorer.org/dotbot; help@moz.com)"
66.249.65.15 - - [12/Aug/2021:20:21:04 -0500] "GET /mnxwcwqihrivm-a40676-sel-w4341-jnuaishhc/ HTTP/1.1" 404 1130 "-" "Mozilla/5.0 (Linux; Android 6.0.1; Nexus 5X Build/MMB29P) AppleWebKit/537.36 (KHTML, like Gecko) Chrome/92.0.4515.119 Mobile Safari/537.36 (compatible; Googlebot/2.1; +http://www.google.com/bot.html)"
216.244.66.202 - - [12/Aug/2021:20:21:47 -0500] "GET /assets/XIII_MUESTRA_CIENTIFICA_LATINOAMERICANA.docx HTTP/1.1" 200 323614 "-" "Mozilla/5.0 (compatible; DotBot/1.2; +https://opensiteexplorer.org/dotbot; help@moz.com)"
114.119.145.216 - - [12/Aug/2021:20:23:54 -0500] "GET /pdf/lib/php-css-parser/lib/Sabberworm/CSS/CSSList/Document.php HTTP/1.1" 500 - "-" "Mozilla/5.0 (Linux; Android 7.0;) AppleWebKit/537.36 (KHTML, like Gecko) Mobile Safari/537.36 (compatible; PetalBot;+https://webmaster.petalsearch.com/site/petalbot)"
114.119.145.216 - - [12/Aug/2021:20:32:29 -0500] "GET /pdf/lib/php-svg-lib/tests HTTP/1.1" 301 258 "-" "Mozilla/5.0 (Linux; Android 7.0;) AppleWebKit/537.36 (KHTML, like Gecko) Mobile Safari/537.36 (compatible; PetalBot;+https://webmaster.petalsearch.com/site/petalbot)"
114.119.145.216 - - [12/Aug/2021:20:32:29 -0500] "GET /pdf/lib/php-svg-lib/tests/ HTTP/1.1" 200 832 "-" "Mozilla/5.0 (Linux; Android 7.0;) AppleWebKit/537.36 (KHTML, like Gecko) Mobile Safari/537.36 (compatible; PetalBot;+https://webmaster.petalsearch.com/site/petalbot)"
114.119.145.22 - - [12/Aug/2021:20:41:04 -0500] "GET /pdf/lib/php-css-parser/lib/Sabberworm/CSS/Settings.php HTTP/1.1" 200 - "-" "Mozilla/5.0 (Linux; Android 7.0;) AppleWebKit/537.36 (KHTML, like Gecko) Mobile Safari/537.36 (compatible; PetalBot;+https://webmaster.petalsearch.com/site/petalbot)"
114.119.145.22 - - [12/Aug/2021:20:49:53 -0500] "GET /pdf/lib/html5lib/ HTTP/1.1" 200 1732 "-" "Mozilla/5.0 (Linux; Android 7.0;) AppleWebKit/537.36 (KHTML, like Gecko) Mobile Safari/537.36 (compatible; PetalBot;+https://webmaster.petalsearch.com/site/petalbot)"
114.119.145.22 - - [12/Aug/2021:20:58:16 -0500] "GET /pdf/lib/res?C=M%3BO%3DA HTTP/1.1" 301 256 "-" "Mozilla/5.0 (Linux; Android 7.0;) AppleWebKit/537.36 (KHTML, like Gecko) Mobile Safari/537.36 (compatible; PetalBot;+https://webmaster.petalsearch.com/site/petalbot)"
114.119.145.22 - - [12/Aug/2021:20:58:16 -0500] "GET /pdf/lib/res/?C=M%3BO%3DA HTTP/1.1" 200 1164 "-" "Mozilla/5.0 (Linux; Android 7.0;) AppleWebKit/537.36 (KHTML, like Gecko) Mobile Safari/537.36 (compatible; PetalBot;+https://webmaster.petalsearch.com/site/petalbot)"
114.119.145.228 - - [12/Aug/2021:21:06:57 -0500] "GET /pdf/lib/html5lib HTTP/1.1" 301 249 "-" "Mozilla/5.0 (Linux; Android 7.0;) AppleWebKit/537.36 (KHTML, like Gecko) Mobile Safari/537.36 (compatible; PetalBot;+https://webmaster.petalsearch.com/site/petalbot)"
114.119.145.228 - - [12/Aug/2021:21:06:58 -0500] "GET /pdf/lib/html5lib/ HTTP/1.1" 200 1732 "-" "Mozilla/5.0 (Linux; Android 7.0;) AppleWebKit/537.36 (KHTML, like Gecko) Mobile Safari/537.36 (compatible; PetalBot;+https://webmaster.petalsearch.com/site/petalbot)"
114.119.157.174 - - [12/Aug/2021:21:15:14 -0500] "GET /pdf/src/Frame/ HTTP/1.1" 200 1728 "-" "Mozilla/5.0 (Linux; Android 7.0;) AppleWebKit/537.36 (KHTML, like Gecko) Mobile Safari/537.36 (compatible; PetalBot;+https://webmaster.petalsearch.com/site/petalbot)"
114.119.145.237 - - [12/Aug/2021:21:23:55 -0500] "GET /pdf/lib/php-css-parser/lib/Sabberworm/CSS/Comment HTTP/1.1" 301 282 "-" "Mozilla/5.0 (Linux; Android 7.0;) AppleWebKit/537.36 (KHTML, like Gecko) Mobile Safari/537.36 (compatible; PetalBot;+https://webmaster.petalsearch.com/site/petalbot)"
114.119.145.237 - - [12/Aug/2021:21:23:56 -0500] "GET /pdf/lib/php-css-parser/lib/Sabberworm/CSS/Comment/ HTTP/1.1" 200 1092 "-" "Mozilla/5.0 (Linux; Android 7.0;) AppleWebKit/537.36 (KHTML, like Gecko) Mobile Safari/537.36 (compatible; PetalBot;+https://webmaster.petalsearch.com/site/petalbot)"
31.13.127.36 - - [12/Aug/2021:21:30:28 -0500] "GET / HTTP/1.1" 200 28464 "-" "facebookexternalhit/1.1 (+http://www.facebook.com/externalhit_uatext.php)"
31.13.127.29 - - [12/Aug/2021:21:30:28 -0500] "GET / HTTP/1.1" 200 28464 "-" "facebookexternalhit/1.1 (+http://www.facebook.com/externalhit_uatext.php)"
31.13.127.119 - - [12/Aug/2021:21:30:28 -0500] "GET / HTTP/1.1" 200 28464 "-" "facebookexternalhit/1.1 (+http://www.facebook.com/externalhit_uatext.php)"
114.119.145.237 - - [12/Aug/2021:21:32:42 -0500] "GET /pdf/lib/html5lib?C=S%3BO%3DA HTTP/1.1" 301 261 "-" "Mozilla/5.0 (Linux; Android 7.0;) AppleWebKit/537.36 (KHTML, like Gecko) Mobile Safari/537.36 (compatible; PetalBot;+https://webmaster.petalsearch.com/site/petalbot)"
114.119.145.237 - - [12/Aug/2021:21:32:43 -0500] "GET /pdf/lib/html5lib/?C=S%3BO%3DA HTTP/1.1" 200 1732 "-" "Mozilla/5.0 (Linux; Android 7.0;) AppleWebKit/537.36 (KHTML, like Gecko) Mobile Safari/537.36 (compatible; PetalBot;+https://webmaster.petalsearch.com/site/petalbot)"
114.119.145.237 - - [12/Aug/2021:21:40:54 -0500] "GET /pdf/lib/fonts/DejaVuSerif-Italic.ttf HTTP/1.1" 200 345996 "-" "Mozilla/5.0 (Linux; Android 7.0;) AppleWebKit/537.36 (KHTML, like Gecko) Mobile Safari/537.36 (compatible; PetalBot;+https://webmaster.petalsearch.com/site/petalbot)"
114.119.145.225 - - [12/Aug/2021:21:49:24 -0500] "GET /pdf/lib/php-svg-lib/tests/?C=M%3BO%3DA HTTP/1.1" 200 832 "-" "Mozilla/5.0 (Linux; Android 7.0;) AppleWebKit/537.36 (KHTML, like Gecko) Mobile Safari/537.36 (compatible; PetalBot;+https://webmaster.petalsearch.com/site/petalbot)"
114.119.145.233 - - [12/Aug/2021:21:57:59 -0500] "GET /robots.txt HTTP/1.1" 404 1130 "-" "Mozilla/5.0 (compatible;PetalBot;+https://webmaster.petalsearch.com/site/petalbot)"
114.119.145.237 - - [12/Aug/2021:22:13:57 -0500] "GET /pdf/lib/php-svg-lib/src/Svg/Gradient/?C=D%3BO%3DA HTTP/1.1" 200 866 "-" "Mozilla/5.0 (Linux; Android 7.0;) AppleWebKit/537.36 (KHTML, like Gecko) Mobile Safari/537.36 (compatible; PetalBot;+https://webmaster.petalsearch.com/site/petalbot)"
114.119.145.22 - - [12/Aug/2021:22:21:58 -0500] "GET /pdf/lib/php-css-parser/lib/Sabberworm/CSS/Rule?C=N%3BO%3DD HTTP/1.1" 301 291 "-" "Mozilla/5.0 (Linux; Android 7.0;) AppleWebKit/537.36 (KHTML, like Gecko) Mobile Safari/537.36 (compatible; PetalBot;+https://webmaster.petalsearch.com/site/petalbot)"
114.119.145.22 - - [12/Aug/2021:22:21:58 -0500] "GET /pdf/lib/php-css-parser/lib/Sabberworm/CSS/Rule/?C=N%3BO%3DD HTTP/1.1" 200 900 "-" "Mozilla/5.0 (Linux; Android 7.0;) AppleWebKit/537.36 (KHTML, like Gecko) Mobile Safari/537.36 (compatible; PetalBot;+https://webmaster.petalsearch.com/site/petalbot)"
114.119.145.225 - - [12/Aug/2021:22:30:14 -0500] "GET /pdf/lib/php-css-parser/lib/Sabberworm/CSS/Parsing/UnexpectedTokenException.php HTTP/1.1" 500 - "-" "Mozilla/5.0 (Linux; Android 7.0;) AppleWebKit/537.36 (KHTML, like Gecko) Mobile Safari/537.36 (compatible; PetalBot;+https://webmaster.petalsearch.com/site/petalbot)"
114.119.139.174 - - [12/Aug/2021:22:38:23 -0500] "GET /pdf/lib/php-css-parser?C=N%3BO%3DD HTTP/1.1" 301 267 "-" "Mozilla/5.0 (Linux; Android 7.0;) AppleWebKit/537.36 (KHTML, like Gecko) Mobile Safari/537.36 (compatible; PetalBot;+https://webmaster.petalsearch.com/site/petalbot)"
114.119.139.174 - - [12/Aug/2021:22:38:23 -0500] "GET /pdf/lib/php-css-parser/?C=N%3BO%3DD HTTP/1.1" 200 2064 "-" "Mozilla/5.0 (Linux; Android 7.0;) AppleWebKit/537.36 (KHTML, like Gecko) Mobile Safari/537.36 (compatible; PetalBot;+https://webmaster.petalsearch.com/site/petalbot)"
114.119.145.212 - - [12/Aug/2021:22:46:16 -0500] "GET /pdf/src/Image/?C=D%3BO%3DA HTTP/1.1" 200 801 "-" "Mozilla/5.0 (Linux; Android 7.0;) AppleWebKit/537.36 (KHTML, like Gecko) Mobile Safari/537.36 (compatible; PetalBot;+https://webmaster.petalsearch.com/site/petalbot)"
157.55.39.178 - - [12/Aug/2021:22:47:37 -0500] "GET /assets/img/portfolio/fullsize/10.jpg HTTP/1.1" 200 2373714 "-" "Mozilla/5.0 (compatible; bingbot/2.0; +http://www.bing.com/bingbot.htm)"
66.249.65.15 - - [12/Aug/2021:22:54:01 -0500] "GET / HTTP/1.1" 200 28464 "-" "Mozilla/5.0 (Linux; Android 6.0.1; Nexus 5X Build/MMB29P) AppleWebKit/537.36 (KHTML, like Gecko) Chrome/92.0.4515.119 Mobile Safari/537.36 (compatible; Googlebot/2.1; +http://www.google.com/bot.html)"
66.249.65.15 - - [12/Aug/2021:22:54:04 -0500] "GET /vendor/magnific-popup/jquery.magnific-popup.min.js HTTP/1.1" 200 20216 "http://www.santarita.edu.pe/" "Mozilla/5.0 (Linux; Android 6.0.1; Nexus 5X Build/MMB29P) AppleWebKit/537.36 (KHTML, like Gecko) Chrome/92.0.4515.119 Mobile Safari/537.36 (compatible; Googlebot/2.1; +http://www.google.com/bot.html)"
114.119.145.205 - - [12/Aug/2021:22:54:45 -0500] "GET /pdf/src/Exception/?C=M%3BO%3DA HTTP/1.1" 200 818 "-" "Mozilla/5.0 (Linux; Android 7.0;) AppleWebKit/537.36 (KHTML, like Gecko) Mobile Safari/537.36 (compatible; PetalBot;+https://webmaster.petalsearch.com/site/petalbot)"
114.119.145.237 - - [12/Aug/2021:23:02:07 -0500] "GET /pdf/lib/php-css-parser/lib/Sabberworm/CSS/Comment/?C=N%3BO%3DD HTTP/1.1" 200 1092 "-" "Mozilla/5.0 (Linux; Android 7.0;) AppleWebKit/537.36 (KHTML, like Gecko) Mobile Safari/537.36 (compatible; PetalBot;+https://webmaster.petalsearch.com/site/petalbot)"
114.119.145.237 - - [12/Aug/2021:23:10:16 -0500] "GET /pdf/src/Exception?C=N%3BO%3DD HTTP/1.1" 301 262 "-" "Mozilla/5.0 (Linux; Android 7.0;) AppleWebKit/537.36 (KHTML, like Gecko) Mobile Safari/537.36 (compatible; PetalBot;+https://webmaster.petalsearch.com/site/petalbot)"
114.119.145.237 - - [12/Aug/2021:23:10:16 -0500] "GET /pdf/src/Exception/?C=N%3BO%3DD HTTP/1.1" 200 818 "-" "Mozilla/5.0 (Linux; Android 7.0;) AppleWebKit/537.36 (KHTML, like Gecko) Mobile Safari/537.36 (compatible; PetalBot;+https://webmaster.petalsearch.com/site/petalbot)"
114.119.145.216 - - [12/Aug/2021:23:18:17 -0500] "GET /pdf/lib/php-css-parser/tests/Sabberworm/CSS/RuleSet?C=N%3BO%3DD HTTP/1.1" 301 296 "-" "Mozilla/5.0 (Linux; Android 7.0;) AppleWebKit/537.36 (KHTML, like Gecko) Mobile Safari/537.36 (compatible; PetalBot;+https://webmaster.petalsearch.com/site/petalbot)"
114.119.145.216 - - [12/Aug/2021:23:18:17 -0500] "GET /pdf/lib/php-css-parser/tests/Sabberworm/CSS/RuleSet/?C=N%3BO%3DD HTTP/1.1" 200 1121 "-" "Mozilla/5.0 (Linux; Android 7.0;) AppleWebKit/537.36 (KHTML, like Gecko) Mobile Safari/537.36 (compatible; PetalBot;+https://webmaster.petalsearch.com/site/petalbot)"
114.119.145.228 - - [12/Aug/2021:23:25:47 -0500] "GET /pdf/lib/php-svg-lib/src/?C=D%3BO%3DA HTTP/1.1" 200 1008 "-" "Mozilla/5.0 (Linux; Android 7.0;) AppleWebKit/537.36 (KHTML, like Gecko) Mobile Safari/537.36 (compatible; PetalBot;+https://webmaster.petalsearch.com/site/petalbot)"
114.119.145.237 - - [12/Aug/2021:23:33:44 -0500] "GET /pdf/lib/php-css-parser/tests/?C=M%3BO%3DA HTTP/1.1" 200 1563 "-" "Mozilla/5.0 (Linux; Android 7.0;) AppleWebKit/537.36 (KHTML, like Gecko) Mobile Safari/537.36 (compatible; PetalBot;+https://webmaster.petalsearch.com/site/petalbot)"
207.46.13.22 - - [12/Aug/2021:23:39:32 -0500] "GET / HTTP/1.1" 200 28464 "-" "Mozilla/5.0 (compatible; bingbot/2.0; +http://www.bing.com/bingbot.htm)"
114.119.145.22 - - [12/Aug/2021:23:41:18 -0500] "GET /pdf/lib/php-css-parser/lib/Sabberworm/CSS/Value/ValueList.php HTTP/1.1" 500 - "-" "Mozilla/5.0 (Linux; Android 7.0;) AppleWebKit/537.36 (KHTML, like Gecko) Mobile Safari/537.36 (compatible; PetalBot;+https://webmaster.petalsearch.com/site/petalbot)"
114.119.145.205 - - [12/Aug/2021:23:49:10 -0500] "GET /pdf/src/Exception?C=M%3BO%3DA HTTP/1.1" 301 262 "-" "Mozilla/5.0 (Linux; Android 7.0;) AppleWebKit/537.36 (KHTML, like Gecko) Mobile Safari/537.36 (compatible; PetalBot;+https://webmaster.petalsearch.com/site/petalbot)"
114.119.145.205 - - [12/Aug/2021:23:49:10 -0500] "GET /pdf/src/Exception/?C=M%3BO%3DA HTTP/1.1" 200 818 "-" "Mozilla/5.0 (Linux; Android 7.0;) AppleWebKit/537.36 (KHTML, like Gecko) Mobile Safari/537.36 (compatible; PetalBot;+https://webmaster.petalsearch.com/site/petalbot)"
114.119.145.237 - - [12/Aug/2021:23:57:02 -0500] "GET /pdf/lib/php-css-parser/lib/Sabberworm/CSS/Rule/Rule.php HTTP/1.1" 500 - "-" "Mozilla/5.0 (Linux; Android 7.0;) AppleWebKit/537.36 (KHTML, like Gecko) Mobile Safari/537.36 (compatible; PetalBot;+https://webmaster.petalsearch.com/site/petalbot)"
114.119.145.22 - - [13/Aug/2021:00:04:28 -0500] "GET /pdf/lib/php-css-parser/lib/Sabberworm/CSS/Comment?C=M%3BO%3DA HTTP/1.1" 301 294 "-" "Mozilla/5.0 (Linux; Android 7.0;) AppleWebKit/537.36 (KHTML, like Gecko) Mobile Safari/537.36 (compatible; PetalBot;+https://webmaster.petalsearch.com/site/petalbot)"
114.119.145.22 - - [13/Aug/2021:00:04:29 -0500] "GET /pdf/lib/php-css-parser/lib/Sabberworm/CSS/Comment/?C=M%3BO%3DA HTTP/1.1" 200 1092 "-" "Mozilla/5.0 (Linux; Android 7.0;) AppleWebKit/537.36 (KHTML, like Gecko) Mobile Safari/537.36 (compatible; PetalBot;+https://webmaster.petalsearch.com/site/petalbot)"
114.119.145.22 - - [13/Aug/2021:00:12:12 -0500] "GET /pdf/src/Positioner?C=S%3BO%3DA HTTP/1.1" 301 263 "-" "Mozilla/5.0 (Linux; Android 7.0;) AppleWebKit/537.36 (KHTML, like Gecko) Mobile Safari/537.36 (compatible; PetalBot;+https://webmaster.petalsearch.com/site/petalbot)"
114.119.145.22 - - [13/Aug/2021:00:12:13 -0500] "GET /pdf/src/Positioner/?C=S%3BO%3DA HTTP/1.1" 200 2265 "-" "Mozilla/5.0 (Linux; Android 7.0;) AppleWebKit/537.36 (KHTML, like Gecko) Mobile Safari/537.36 (compatible; PetalBot;+https://webmaster.petalsearch.com/site/petalbot)"
114.119.145.212 - - [13/Aug/2021:00:20:03 -0500] "GET /pdf/lib/php-svg-lib/tests/Svg?C=M%3BO%3DA HTTP/1.1" 301 274 "-" "Mozilla/5.0 (Linux; Android 7.0;) AppleWebKit/537.36 (KHTML, like Gecko) Mobile Safari/537.36 (compatible; PetalBot;+https://webmaster.petalsearch.com/site/petalbot)"
114.119.145.212 - - [13/Aug/2021:00:20:04 -0500] "GET /pdf/lib/php-svg-lib/tests/Svg/?C=M%3BO%3DA HTTP/1.1" 200 855 "-" "Mozilla/5.0 (Linux; Android 7.0;) AppleWebKit/537.36 (KHTML, like Gecko) Mobile Safari/537.36 (compatible; PetalBot;+https://webmaster.petalsearch.com/site/petalbot)"
114.119.145.216 - - [13/Aug/2021:00:27:27 -0500] "GET /pdf/lib/php-svg-lib/src/Svg/Tag/Rect.php HTTP/1.1" 500 - "-" "Mozilla/5.0 (Linux; Android 7.0;) AppleWebKit/537.36 (KHTML, like Gecko) Mobile Safari/537.36 (compatible; PetalBot;+https://webmaster.petalsearch.com/site/petalbot)"
114.119.145.225 - - [13/Aug/2021:00:35:12 -0500] "GET /pdf/src/Adapter?C=N%3BO%3DD HTTP/1.1" 301 260 "-" "Mozilla/5.0 (Linux; Android 7.0;) AppleWebKit/537.36 (KHTML, like Gecko) Mobile Safari/537.36 (compatible; PetalBot;+https://webmaster.petalsearch.com/site/petalbot)"
114.119.145.225 - - [13/Aug/2021:00:35:12 -0500] "GET /pdf/src/Adapter/?C=N%3BO%3DD HTTP/1.1" 200 1156 "-" "Mozilla/5.0 (Linux; Android 7.0;) AppleWebKit/537.36 (KHTML, like Gecko) Mobile Safari/537.36 (compatible; PetalBot;+https://webmaster.petalsearch.com/site/petalbot)"
114.119.145.233 - - [13/Aug/2021:00:42:35 -0500] "GET /pdf/lib?C=S%3BO%3DA HTTP/1.1" 301 252 "-" "Mozilla/5.0 (Linux; Android 7.0;) AppleWebKit/537.36 (KHTML, like Gecko) Mobile Safari/537.36 (compatible; PetalBot;+https://webmaster.petalsearch.com/site/petalbot)"
114.119.145.233 - - [13/Aug/2021:00:42:35 -0500] "GET /pdf/lib/?C=S%3BO%3DA HTTP/1.1" 200 1851 "-" "Mozilla/5.0 (Linux; Android 7.0;) AppleWebKit/537.36 (KHTML, like Gecko) Mobile Safari/537.36 (compatible; PetalBot;+https://webmaster.petalsearch.com/site/petalbot)"
114.119.145.228 - - [13/Aug/2021:00:50:07 -0500] "GET /pdf/lib/php-svg-lib/tests/Svg/?C=N%3BO%3DD HTTP/1.1" 200 855 "-" "Mozilla/5.0 (Linux; Android 7.0;) AppleWebKit/537.36 (KHTML, like Gecko) Mobile Safari/537.36 (compatible; PetalBot;+https://webmaster.petalsearch.com/site/petalbot)"
114.119.145.22 - - [13/Aug/2021:00:57:53 -0500] "GET /pdf/src/Frame/?C=S%3BO%3DA HTTP/1.1" 200 1728 "-" "Mozilla/5.0 (Linux; Android 7.0;) AppleWebKit/537.36 (KHTML, like Gecko) Mobile Safari/537.36 (compatible; PetalBot;+https://webmaster.petalsearch.com/site/petalbot)"
114.119.145.233 - - [13/Aug/2021:01:05:13 -0500] "GET /pdf/src/FrameDecorator/ HTTP/1.1" 200 3005 "-" "Mozilla/5.0 (Linux; Android 7.0;) AppleWebKit/537.36 (KHTML, like Gecko) Mobile Safari/537.36 (compatible; PetalBot;+https://webmaster.petalsearch.com/site/petalbot)"
114.119.145.228 - - [13/Aug/2021:01:12:48 -0500] "GET /pdf/lib/php-svg-lib/src/Svg/Gradient?C=M%3BO%3DA HTTP/1.1" 301 281 "-" "Mozilla/5.0 (Linux; Android 7.0;) AppleWebKit/537.36 (KHTML, like Gecko) Mobile Safari/537.36 (compatible; PetalBot;+https://webmaster.petalsearch.com/site/petalbot)"
114.119.145.228 - - [13/Aug/2021:01:12:49 -0500] "GET /pdf/lib/php-svg-lib/src/Svg/Gradient/?C=M%3BO%3DA HTTP/1.1" 200 866 "-" "Mozilla/5.0 (Linux; Android 7.0;) AppleWebKit/537.36 (KHTML, like Gecko) Mobile Safari/537.36 (compatible; PetalBot;+https://webmaster.petalsearch.com/site/petalbot)"
66.249.65.15 - - [13/Aug/2021:01:19:38 -0500] "GET / HTTP/1.1" 200 28464 "-" "Mozilla/5.0 (compatible; Googlebot/2.1; +http://www.google.com/bot.html)"
114.119.145.205 - - [13/Aug/2021:01:20:05 -0500] "GET /pdf/lib/php-svg-lib/src/Svg/Tag/?C=S%3BO%3DA HTTP/1.1" 200 4078 "-" "Mozilla/5.0 (Linux; Android 7.0;) AppleWebKit/537.36 (KHTML, like Gecko) Mobile Safari/537.36 (compatible; PetalBot;+https://webmaster.petalsearch.com/site/petalbot)"
114.119.145.22 - - [13/Aug/2021:01:27:46 -0500] "GET /pdf/lib/res/?C=S%3BO%3DA HTTP/1.1" 200 1164 "-" "Mozilla/5.0 (Linux; Android 7.0;) AppleWebKit/537.36 (KHTML, like Gecko) Mobile Safari/537.36 (compatible; PetalBot;+https://webmaster.petalsearch.com/site/petalbot)"
114.119.145.216 - - [13/Aug/2021:01:35:23 -0500] "GET /robots.txt HTTP/1.1" 404 1130 "-" "Mozilla/5.0 (compatible;PetalBot;+https://webmaster.petalsearch.com/site/petalbot)"
54.36.148.8 - - [13/Aug/2021:01:40:13 -0500] "GET / HTTP/1.1" 200 28464 "-" "Mozilla/5.0 (compatible; AhrefsBot/7.0; +http://ahrefs.com/robot/)"
168.119.68.174 - - [13/Aug/2021:01:40:15 -0500] "GET /vendor/fontawesome-free/css/all.min.css HTTP/1.1" 200 55111 "http://www.santarita.edu.pe/" "Mozilla/5.0 (compatible; AhrefsBot/7.0; +http://ahrefs.com/robot/)"
168.119.68.174 - - [13/Aug/2021:01:40:15 -0500] "GET /vendor/magnific-popup/magnific-popup.css HTTP/1.1" 200 6951 "http://www.santarita.edu.pe/" "Mozilla/5.0 (compatible; AhrefsBot/7.0; +http://ahrefs.com/robot/)"
168.119.68.174 - - [13/Aug/2021:01:40:15 -0500] "GET /assets/css/creative.min.css HTTP/1.1" 200 178489 "http://www.santarita.edu.pe/" "Mozilla/5.0 (compatible; AhrefsBot/7.0; +http://ahrefs.com/robot/)"
168.119.68.174 - - [13/Aug/2021:01:40:15 -0500] "GET /vendor/jquery/jquery.min.js HTTP/1.1" 200 86927 "http://www.santarita.edu.pe/" "Mozilla/5.0 (compatible; AhrefsBot/7.0; +http://ahrefs.com/robot/)"
168.119.68.174 - - [13/Aug/2021:01:40:15 -0500] "GET /vendor/bootstrap/js/bootstrap.bundle.min.js HTTP/1.1" 200 78635 "http://www.santarita.edu.pe/" "Mozilla/5.0 (compatible; AhrefsBot/7.0; +http://ahrefs.com/robot/)"
168.119.68.174 - - [13/Aug/2021:01:40:16 -0500] "GET /vendor/magnific-popup/jquery.magnific-popup.min.js HTTP/1.1" 200 20216 "http://www.santarita.edu.pe/" "Mozilla/5.0 (compatible; AhrefsBot/7.0; +http://ahrefs.com/robot/)"
168.119.68.174 - - [13/Aug/2021:01:40:16 -0500] "GET /vendor/jquery-easing/jquery.easing.min.js HTTP/1.1" 200 2532 "http://www.santarita.edu.pe/" "Mozilla/5.0 (compatible; AhrefsBot/7.0; +http://ahrefs.com/robot/)"
168.119.68.174 - - [13/Aug/2021:01:40:16 -0500] "GET /vendor/fontawesome-free/webfonts/fa-solid-900.woff2 HTTP/1.1" 200 74256 "http://www.santarita.edu.pe/vendor/fontawesome-free/css/all.min.css" "Mozilla/5.0 (compatible; AhrefsBot/7.0; +http://ahrefs.com/robot/)"
168.119.68.174 - - [13/Aug/2021:01:40:16 -0500] "GET /assets/js/creative.min.js HTTP/1.1" 200 1178 "http://www.santarita.edu.pe/" "Mozilla/5.0 (compatible; AhrefsBot/7.0; +http://ahrefs.com/robot/)"
